Component: ARM Compiler 5.05 (build 41) Tool: armlink [4d0eb9]

==============================================================================

Section Cross References

    usart.o(.text) refers to usart.o(t._ZN10FIFOBufferIhLt400EEC1Ev) for FIFOBuffer<unsigned char, (unsigned short)400>::FIFOBuffer()
    usart.o(.text) refers to stm32f10x_rcc.o(.text) for RCC_APB2PeriphClockCmd
    usart.o(.text) refers to stm32f10x_gpio.o(.text) for GPIO_PinRemapConfig
    usart.o(.text) refers to stm32f10x_usart.o(.text) for USART_Init
    usart.o(.text) refers to stm32f10x_dma.o(.text) for DMA_Init
    usart.o(.text) refers to misc.o(.text) for NVIC_PriorityGroupConfig
    usart.o(.text) refers to usart.o(t._ZN10FIFOBufferIhLt400EE4PutsEPht) for FIFOBuffer<unsigned char, (unsigned short)400>::Puts(unsigned char*, unsigned short)
    usart.o(.text) refers to usart.o(t._ZN10FIFOBufferIhLt400EE4SizeEv) for FIFOBuffer<unsigned char, (unsigned short)400>::Size()
    usart.o(.text) refers to usart.o(t._ZN10FIFOBufferIhLt400EE4GetsEPht) for FIFOBuffer<unsigned char, (unsigned short)400>::Gets(unsigned char*, unsigned short)
    usart.o(.text) refers to interrupt.o(.data) for pUSART1
    usart.o(.text) refers to usart.o(t._ZN10FIFOBufferIhLt400EE3GetERh) for FIFOBuffer<unsigned char, (unsigned short)400>::Get(unsigned char&)
    usart.o(.text) refers to usart.o(t._ZN10FIFOBufferIhLt400EE3PutERKh) for FIFOBuffer<unsigned char, (unsigned short)400>::Put(const unsigned char&)
    usart.o(.text) refers to dleqf.o(x$fpl$dleqf) for __aeabi_cdcmple
    usart.o(.text) refers to dmul.o(x$fpl$dmul) for __aeabi_dmul
    usart.o(.text) refers to dfixu.o(x$fpl$dfixu) for __aeabi_d2uiz
    usart.o(.text) refers to usart.o(.data) for dataToSend
    usart.o(.ARM.exidx) refers to usart.o(.text) for .text
    interrupt.o(.text) refers to usart.o(.text) for USART::Irq()
    interrupt.o(.text) refers to i2c.o(.text) for I2C::EventIRQ()
    interrupt.o(.text) refers to interrupt.o(.data) for pUSART1
    interrupt.o(.ARM.exidx) refers to interrupt.o(.text) for .text
    f103_pwm.o(.text) refers to fflt_clz.o(x$fpl$ffltu) for __aeabi_ui2f
    f103_pwm.o(.text) refers to fdiv.o(x$fpl$fdiv) for __aeabi_fdiv
    f103_pwm.o(.text) refers to fmul.o(x$fpl$fmul) for __aeabi_fmul
    f103_pwm.o(.text) refers to ffixu.o(x$fpl$ffixu) for __aeabi_f2uiz
    f103_pwm.o(.text) refers to stm32f10x_rcc.o(.text) for RCC_APB2PeriphClockCmd
    f103_pwm.o(.text) refers to stm32f10x_gpio.o(.text) for GPIO_Init
    f103_pwm.o(.text) refers to stm32f10x_tim.o(.text) for TIM_TimeBaseInit
    f103_pwm.o(.ARM.exidx) refers to f103_pwm.o(.text) for .text
    f103_adc_s.o(.text) refers to stm32f10x_rcc.o(.text) for RCC_AHBPeriphClockCmd
    f103_adc_s.o(.text) refers to stm32f10x_dma.o(.text) for DMA_DeInit
    f103_adc_s.o(.text) refers to stm32f10x_adc.o(.text) for ADC_Init
    f103_adc_s.o(.text) refers to stm32f10x_gpio.o(.text) for GPIO_Init
    f103_adc_s.o(.text) refers to f103_adc_s.o(.data) for gpioArr
    f103_adc_s.o(.ARM.exidx) refers to f103_adc_s.o(.text) for .text
    gpio.o(.text) refers to stm32f10x_rcc.o(.text) for RCC_APB2PeriphClockCmd
    gpio.o(.text) refers to stm32f10x_gpio.o(.text) for GPIO_Init
    gpio.o(.text) refers to gpio.o(.constdata) for GPIO::mPin
    gpio.o(.ARM.exidx) refers to gpio.o(.text) for .text
    i2c.o(.text) refers to stm32f10x_gpio.o(.text) for GPIO_Init
    i2c.o(.text) refers to stm32f10x_rcc.o(.text) for RCC_APB2PeriphClockCmd
    i2c.o(.text) refers to delay.o(.text) for Delay::Us(unsigned)
    i2c.o(.text) refers to stm32f10x_i2c.o(.text) for I2C_GetFlagStatus
    i2c.o(.text) refers to stm32f10x_dma.o(.text) for DMA_DeInit
    i2c.o(.text) refers to misc.o(.text) for NVIC_Init
    i2c.o(.text) refers to i2c.o(t._ZN10FIFOBufferI18I2C_Command_StructLt40EEC1Ev) for FIFOBuffer<I2C_Command_Struct, (unsigned short)40>::FIFOBuffer()
    i2c.o(.text) refers to interrupt.o(.data) for pI2C2
    i2c.o(.text) refers to i2c.o(t._ZN10FIFOBufferI18I2C_Command_StructLt40EE4SizeEv) for FIFOBuffer<I2C_Command_Struct, (unsigned short)40>::Size()
    i2c.o(.text) refers to i2c.o(t._ZN10FIFOBufferI18I2C_Command_StructLt40EE3GetERS0_) for FIFOBuffer<I2C_Command_Struct, (unsigned short)40>::Get(I2C_Command_Struct&)
    i2c.o(.text) refers to i2c.o(t._ZN10FIFOBufferI18I2C_Command_StructLt40EE5ClearEv) for FIFOBuffer<I2C_Command_Struct, (unsigned short)40>::Clear()
    i2c.o(.text) refers to i2c.o(t._ZN10FIFOBufferI18I2C_Command_StructLt40EE3PutERKS0_) for FIFOBuffer<I2C_Command_Struct, (unsigned short)40>::Put(const I2C_Command_Struct&)
    i2c.o(.text) refers to i2c.o(.data) for I2C_Status
    i2c.o(.ARM.exidx) refers to i2c.o(.text) for .text
    ultrasonicint.o(.text) refers to ultrasonic.o(.text) for Ultrasonic::UltrasonicIrq()
    ultrasonicint.o(.text) refers to ultrasonicint.o(.data) for Uexti0
    ultrasonicint.o(.ARM.exidx) refers to ultrasonicint.o(.text) for .text
    ultrasonic.o(.text) refers to f2d.o(x$fpl$f2d) for __aeabi_f2d
[...]
    __rt_lib_shutdown_signal_1               0x08000179   Thumb Code     0  libshutdown2.o(.ARM.Collect$$libshutdown$$00000009)
    __rt_lib_shutdown_stdio_1                0x08000179   Thumb Code     0  libshutdown2.o(.ARM.Collect$$libshutdown$$00000003)
    __rt_lib_shutdown_user_alloc_1           0x08000179   Thumb Code     0  libshutdown2.o(.ARM.Collect$$libshutdown$$0000000B)
    __rt_entry                               0x0800017b   Thumb Code     0  __rtentry.o(.ARM.Collect$$rtentry$$00000000)
    __rt_entry_presh_1                       0x0800017b   Thumb Code     0  __rtentry2.o(.ARM.Collect$$rtentry$$00000002)
    __rt_entry_sh                            0x0800017b   Thumb Code     0  __rtentry4.o(.ARM.Collect$$rtentry$$00000004)
    __rt_entry_li                            0x08000181   Thumb Code     0  __rtentry2.o(.ARM.Collect$$rtentry$$0000000A)
    __rt_entry_postsh_1                      0x08000181   Thumb Code     0  __rtentry2.o(.ARM.Collect$$rtentry$$00000009)
    __rt_entry_main                          0x08000185   Thumb Code     0  __rtentry2.o(.ARM.Collect$$rtentry$$0000000D)
    __rt_entry_postli_1                      0x08000185   Thumb Code     0  __rtentry2.o(.ARM.Collect$$rtentry$$0000000C)
    __rt_exit                                0x0800018d   Thumb Code     0  rtexit.o(.ARM.Collect$$rtexit$$00000000)
    __rt_exit_ls                             0x0800018f   Thumb Code     0  rtexit2.o(.ARM.Collect$$rtexit$$00000003)
    __rt_exit_prels_1                        0x0800018f   Thumb Code     0  rtexit2.o(.ARM.Collect$$rtexit$$00000002)
    __rt_exit_exit                           0x08000193   Thumb Code     0  rtexit2.o(.ARM.Collect$$rtexit$$00000004)
    fun()                                    0x08000199   Thumb Code     2  usart.o(.text)
    _maybe_terminate_alloc                   0x08000199   Thumb Code     0  maybetermalloc1.o(.emb_text)
    USART::~USART()                          0x0800019b   Thumb Code    54  usart.o(.text)
    USART::~USART__sub_object()              0x0800019b   Thumb Code     0  usart.o(.text)
    USART::USART(unsigned char, unsigned, bool, unsigned char, unsigned char, unsigned char, unsigned char, unsigned short, unsigned short, unsigned short) 0x080001d1   Thumb Code   834  usart.o(.text)
    USART::USART__sub_object(unsigned char, unsigned, bool, unsigned char, unsigned char, unsigned char, unsigned char, unsigned short, unsigned short, unsigned short) 0x080001d1   Thumb Code     0  usart.o(.text)
    USART::SendData(unsigned char*, unsigned) 0x08000513   Thumb Code   266  usart.o(.text)
    USART::GetReceivedData(unsigned char*, unsigned short) 0x0800061d   Thumb Code    40  usart.o(.text)
    USART::ReceiveBufferSize()               0x08000645   Thumb Code    14  usart.o(.text)
    USART::Irq()                             0x08000653   Thumb Code   200  usart.o(.text)
    USART::DmaIrq()                          0x0800071b   Thumb Code   136  usart.o(.text)
    USART::operator <<(int)                  0x080007a3   Thumb Code    94  usart.o(.text)
    USART::operator <<(double)               0x08000801   Thumb Code   198  usart.o(.text)
    USART::Setprecision(unsigned char)       0x080008c7   Thumb Code     6  usart.o(.text)
    USART::operator <<(const char*)          0x080008cd   Thumb Code    36  usart.o(.text)
    USART::UseDma()                          0x080008f1   Thumb Code     8  usart.o(.text)
    USART1_IRQHandler                        0x08000909   Thumb Code    18  interrupt.o(.text)
    USART2_IRQHandler                        0x0800091b   Thumb Code    18  interrupt.o(.text)
    USART3_IRQHandler                        0x0800092d   Thumb Code    18  interrupt.o(.text)
    I2C1_EV_IRQHandler                       0x0800093f   Thumb Code    18  interrupt.o(.text)
    I2C2_EV_IRQHandler                       0x08000951   Thumb Code    18  interrupt.o(.text)
    I2C1_ER_IRQHandler                       0x08000963   Thumb Code    18  interrupt.o(.text)
    I2C2_ER_IRQHandler                       0x08000975   Thumb Code    18  interrupt.o(.text)
    DMA1_Channel2_IRQHandler                 0x08000987   Thumb Code    18  interrupt.o(.text)
    DMA1_Channel4_IRQHandler                 0x08000999   Thumb Code    32  interrupt.o(.text)
    DMA1_Channel5_IRQHandler                 0x080009b9   Thumb Code    18  interrupt.o(.text)
    DMA1_Channel6_IRQHandler                 0x080009cb   Thumb Code    18  interrupt.o(.text)
    DMA1_Channel7_IRQHandler                 0x080009dd   Thumb Code    32  interrupt.o(.text)
    PWM::SetDuty(unsigned char, float)       0x08000a11   Thumb Code    92  f103_pwm.o(.text)
    PWM::SetDuty(float, float, float, float) 0x08000a6d   Thumb Code   182  f103_pwm.o(.text)
    PWM::PWMInit(TIM_TypeDef*, bool, bool, bool, bool, unsigned short, bool) 0x08000b23   Thumb Code   420  f103_pwm.o(.text)
    PWM::Calcute2(unsigned, unsigned, unsigned, bool) 0x08000cc7   Thumb Code   112  f103_pwm.o(.text)
    PWM::Calcute(unsigned short)             0x08000d37   Thumb Code    76  f103_pwm.o(.text)
    ADC::InitAdcDma(unsigned char*)          0x08000d9d   Thumb Code   266  f103_adc_s.o(.text)
    ADC::ChannelToGpio(unsigned char, unsigned char, unsigned char, unsigned char, unsigned char, unsigned char, unsigned char, unsigned char, unsigned char, unsigned char) 0x08000ea7   Thumb Code   286  f103_adc_s.o(.text)
    GPIO::RCC_Configuration()                0x08000fdd   Thumb Code   130  gpio.o(.text)
    GPIO::GPIO(GPIO_TypeDef*, unsigned short, GPIOMode_TypeDef, GPIOSpeed_TypeDef) 0x0800105f   Thumb Code    64  gpio.o(.text)
    GPIO::GPIO__sub_object(GPIO_TypeDef*, unsigned short, GPIOMode_TypeDef, GPIOSpeed_TypeDef) 0x0800105f   Thumb Code     0  gpio.o(.text)
    GPIO::SetLevel(unsigned char)            0x0800109f   Thumb Code    42  gpio.o(.text)
    GPIO::GetLevel()                         0x080010c9   Thumb Code    28  gpio.o(.text)
    GPIO::Toggle()                           0x080010e5   Thumb Code    52  gpio.o(.text)
    GPIO::ChangeMode(GPIOMode_TypeDef)       0x08001119   Thumb Code    38  gpio.o(.text)
    I2C::Soft_Reset()                        0x08001161   Thumb Code    26  i2c.o(.text)
    I2C::I2CGPIODeInit(unsigned short, unsigned short) 0x0800117b   Thumb Code    46  i2c.o(.text)
    I2C::I2CGPIOInit(unsigned short, unsigned short) 0x080011a9   Thumb Code    82  i2c.o(.text)
    I2C::DelayUs(unsigned)                   0x080011fb   Thumb Code    14  i2c.o(.text)
    I2C::I2C_CHACK_BUSY_FIX(unsigned, unsigned short, unsigned short) 0x08001209   Thumb Code   192  i2c.o(.text)
    I2C::DelayMs(unsigned short)             0x080012c9   Thumb Code    14  i2c.o(.text)
    I2C::DelayS(unsigned)                    0x080012d7   Thumb Code    14  i2c.o(.text)
    I2C::GetI2CNumber()                      0x080012e5   Thumb Code    18  i2c.o(.text)
    I2C::Init()                              0x080012f7   Thumb Code   548  i2c.o(.text)
    I2C::I2C(unsigned char, bool, unsigned, unsigned char, unsigned char, unsigned char, unsigned char, unsigned char, unsigned char, unsigned char, unsigned char) 0x0800151b   Thumb Code   338  i2c.o(.text)
    I2C::I2C__sub_object(unsigned char, bool, unsigned, unsigned char, unsigned char, unsigned char, unsigned char, unsigned char, unsigned char, unsigned char, unsigned char) 0x0800151b   Thumb Code     0  i2c.o(.text)
    I2C::IsHealth()                          0x0800166d   Thumb Code    16  i2c.o(.text)
    I2C::IsSendOk()                          0x0800167d   Thumb Code    36  i2c.o(.text)
    I2C::StartCMDQueue()                     0x080016a1   Thumb Code   170  i2c.o(.text)
    I2C::ClearCommand()                      0x0800174b   Thumb Code    14  i2c.o(.text)
    I2C::WaitTransmitComplete(bool, bool, bool) 0x08001759   Thumb Code   152  i2c.o(.text)
    I2C::AddCommand(unsigned char, unsigned char, unsigned char*, unsigned char, unsigned char*, unsigned char) 0x080017f1   Thumb Code   210  i2c.o(.text)
    I2C::EventIRQ()                          0x080018c3   Thumb Code  1022  i2c.o(.text)
    I2C::ErrorIRQ()                          0x08001cc1   Thumb Code    92  i2c.o(.text)
    I2C::DmaTxIRQ()                          0x08001d1d   Thumb Code    14  i2c.o(.text)
    I2C::DmaRxIRQ()                          0x08001d2b   Thumb Code   104  i2c.o(.text)
    Exti0_IRQ()                              0x08001da5   Thumb Code    18  ultrasonicint.o(.text)
    Exti5_IRQ()                              0x08001db7   Thumb Code    18  ultrasonicint.o(.text)
    Exti6_IRQ()                              0x08001dc9   Thumb Code    18  ultrasonicint.o(.text)
    Exti7_IRQ()                              0x08001ddb   Thumb Code    18  ultrasonicint.o(.text)
    Exti8_IRQ()                              0x08001ded   Thumb Code    18  ultrasonicint.o(.text)
    Exti9_IRQ()                              0x08001dff   Thumb Code    18  ultrasonicint.o(.text)
    Ultrasonic::CalculateDistance()          0x08001e29   Thumb Code    76  ultrasonic.o(.text)
    Ultrasonic::Ultrasonic(GPIO&, GPIO&, unsigned char, unsigned char, unsigned char) 0x08001e75   Thumb Code   190  ultrasonic.o(.text)
    Ultrasonic::Ultrasonic__sub_object(GPIO&, GPIO&, unsigned char, unsigned char, unsigned char) 0x08001e75   Thumb Code     0  ultrasonic.o(.text)
    Ultrasonic::~Ultrasonic()                0x08001f33   Thumb Code    28  ultrasonic.o(.text)
    Ultrasonic::~Ultrasonic__sub_object()    0x08001f33   Thumb Code     0  ultrasonic.o(.text)
    Ultrasonic::UltrasonicIrq()              0x08001f4f   Thumb Code   126  ultrasonic.o(.text)
    Ultrasonic::UltrasonicStart()            0x08001fcd   Thumb Code    50  ultrasonic.o(.text)
    Ultrasonic::GetDistance()                0x08001fff   Thumb Code    22  ultrasonic.o(.text)
    Ultrasonic::Update()                     0x08002015   Thumb Code    18  ultrasonic.o(.text)
    EXTI0_IRQHandler                         0x0800205d   Thumb Code    22  stm32f10xint.o(.text)
    EXTI9_5_IRQHandler                       0x08002073   Thumb Code   102  stm32f10xint.o(.text)
    Exti::RCC_Configuration()                0x080020d9   Thumb Code   138  exti.o(.text)
    Exti::GPIO_Configuration(GPIOMode_TypeDef) 0x08002163   Thumb Code   122  exti.o(.text)
    Exti::CloseExtiInt()                     0x080021dd   Thumb Code    36  exti.o(.text)
    Exti::EXTI_Configuration(EXTIMode_TypeDef, EXTITrigger_TypeDef) 0x08002201   Thumb Code    58  exti.o(.text)
    Exti::NVIC_Configuration(unsigned char, unsigned char, unsigned char) 0x0800223b   Thumb Code   128  exti.o(.text)
    Exti::Exti(GPIO_TypeDef*, unsigned short, GPIOMode_TypeDef, unsigned char, unsigned char, unsigned char, EXTIMode_TypeDef, EXTITrigger_TypeDef) 0x080022bb   Thumb Code    66  exti.o(.text)
    Exti::Exti__sub_object(GPIO_TypeDef*, unsigned short, GPIOMode_TypeDef, unsigned char, unsigned char, unsigned char, EXTIMode_TypeDef, EXTITrigger_TypeDef) 0x080022bb   Thumb Code     0  exti.o(.text)
    Exti::OpenExtiInt()                      0x080022fd   Thumb Code    36  exti.o(.text)
    Exti::~Exti()                            0x08002321   Thumb Code    14  exti.o(.text)
    Exti::~Exti__sub_object()                0x08002321   Thumb Code     0  exti.o(.text)
    Motor::DutyToRspeed()                    0x0800235d   Thumb Code     2  motor.o(.text)
    Motor::Motor(PWM&, unsigned char, bool, bool) 0x0800235f   Thumb Code    54  motor.o(.text)
    Motor::Motor__sub_object(PWM&, unsigned char, bool, bool) 0x0800235f   Thumb Code     0  motor.o(.text)
    Motor::~Motor()                          0x08002395   Thumb Code     2  motor.o(.text)
    Motor::~Motor__sub_object()              0x08002395   Thumb Code     0  motor.o(.text)
    Motor::InitMotor()                       0x08002397   Thumb Code   124  motor.o(.text)
    Motor::SetRotateSpeeed(unsigned short)   0x08002413   Thumb Code   116  motor.o(.text)
    Motor::SetRotateSpeeed(unsigned char, unsigned short) 0x08002487   Thumb Code    48  motor.o(.text)
    Motor::SetDirection(bool)                0x080024b7   Thumb Code     2  motor.o(.text)
    Motor::GetRotateSpeed()                  0x080024b9   Thumb Code     6  motor.o(.text)
    mpu6050::mpu6050(I2C&, unsigned short)   0x080024c5   Thumb Code     6  mpu6050.o(.text)
    mpu6050::mpu6050__sub_object(I2C&, unsigned short) 0x080024c5   Thumb Code     0  mpu6050.o(.text)
    mpu6050::~mpu6050()                      0x080024cb   Thumb Code     2  mpu6050.o(.text)
    mpu6050::~mpu6050__sub_object()          0x080024cb   Thumb Code     0  mpu6050.o(.text)
    mpu6050::BypassMode(bool)                0x080024cd   Thumb Code   134  mpu6050.o(.text)
    mpu6050::Init(bool)                      0x08002553   Thumb Code   240  mpu6050.o(.text)
    mpu6050::SetMaxUpdateFrequency(unsigned short) 0x08002643   Thumb Code     4  mpu6050.o(.text)
    mpu6050::GetMaxUpdateFrequency()         0x08002647   Thumb Code     6  mpu6050.o(.text)
    mpu6050::GetAccRaw()                     0x0800264d   Thumb Code    58  mpu6050.o(.text)
    mpu6050::GetGyrRaw()                     0x08002687   Thumb Code    58  mpu6050.o(.text)
    mpu6050::GetTempRaw()                    0x080026c1   Thumb Code    14  mpu6050.o(.text)
    mpu6050::Get_Angle()                     0x080026cf   Thumb Code    26  mpu6050.o(.text)
    mpu6050::GetHealth()                     0x080026e9   Thumb Code    46  mpu6050.o(.text)
    mpu6050::Update(bool, Vector3<int>*, Vector3<int>*) 0x08002717   Thumb Code   298  mpu6050.o(.text)
    Delay::Ms(unsigned short)                0x0800284d   Thumb Code    32  delay.o(.text)
    Delay::Us(unsigned)                      0x0800286d   Thumb Code    32  delay.o(.text)
    Delay::S(unsigned)                       0x0800288d   Thumb Code    24  delay.o(.text)
    Control()                                0x080028a5   Thumb Code   134  main.o(.text)
    main                                     0x0800292b   Thumb Code    14  main.o(.text)
    Voltage::Converted()                     0x08002955   Thumb Code   624  voltage.o(.text)
    Voltage::Voltage(unsigned short*, unsigned char) 0x08002bc5   Thumb Code    32  voltage.o(.text)
    Voltage::Voltage__sub_object(unsigned short*, unsigned char) 0x08002bc5   Thumb Code     0  voltage.o(.text)
    PressureModel::PressureModel(float, float, float, float) 0x08002bed   Thumb Code    18  pressuremodel.o(.text)
    PressureModel::PressureModel__sub_object(float, float, float, float) 0x08002bed   Thumb Code     0  pressuremodel.o(.text)
    PressureModel::~PressureModel()          0x08002bff   Thumb Code     2  pressuremodel.o(.text)
    PressureModel::~PressureModel__sub_object() 0x08002bff   Thumb Code     0  pressuremodel.o(.text)
    PressureModel::VoltageToPressure(float)  0x08002c01   Thumb Code    92  pressuremodel.o(.text)
    PressureModel::VoltageToPressure(unsigned char, float) 0x08002c5d   Thumb Code    92  pressuremodel.o(.text)
    PressureModel::GetmCubicTermCoefficient() 0x08002cb9   Thumb Code     6  pressuremodel.o(.text)
    PressureModel::GetmQuadraticTermCoefficient() 0x08002cbf   Thumb Code     6  pressuremodel.o(.text)
    PressureModel::GetmMonomialcoefficient() 0x08002cc5   Thumb Code     6  pressuremodel.o(.text)
    PressureModel::GetmConstantTerm()        0x08002ccb   Thumb Code     6  pressuremodel.o(.text)
    PressureModel::ReConstructModel(float, float, float, float) 0x08002cd1   Thumb Code    14  pressuremodel.o(.text)
    Function::GetRelativeCoordinate()        0x08002ce1   Thumb Code   210  function.o(.text)
    Function::Function()                     0x08002db3   Thumb Code   940  function.o(.text)
    Function::Function__sub_object()         0x08002db3   Thumb Code     0  function.o(.text)
    Function::setMTransmissionHead(unsigned char*) 0x0800315f   Thumb Code    16  function.o(.text)
    Function::setMDeviceNumber(unsigned char*) 0x0800316f   Thumb Code    28  function.o(.text)
    Function::setMDumpEnergy(unsigned char)  0x0800318b   Thumb Code     6  function.o(.text)
    Function::setMMileage(unsigned char*)    0x08003191   Thumb Code    28  function.o(.text)
    Function::setMUltrasonic(unsigned char*) 0x080031ad   Thumb Code    28  function.o(.text)
    Function::setMWheelSpeed(unsigned char*) 0x080031c9   Thumb Code    16  function.o(.text)
    Function::setMCoordinates(unsigned char*) 0x080031d9   Thumb Code    16  function.o(.text)
    Function::setMMPUdata(unsigned char*)    0x080031e9   Thumb Code    28  function.o(.text)
    Function::setMSignalBootTime(unsigned char) 0x08003205   Thumb Code     6  function.o(.text)
    Function::setMSignalTravelTime(unsigned char*) 0x0800320b   Thumb Code    16  function.o(.text)
    Function::setMSignalTravelDistance(unsigned char*) 0x0800321b   Thumb Code    16  function.o(.text)
    Function::setMLoad(unsigned char)        0x0800322b   Thumb Code     6  function.o(.text)
    Function::setMOnOff(unsigned char)       0x08003231   Thumb Code     6  function.o(.text)
    Function::setMHeartbaat(unsigned char)   0x08003237   Thumb Code     6  function.o(.text)
    Function::setMTheKeepByte(unsigned char*) 0x0800323d   Thumb Code    40  function.o(.text)
    Function::setMFirmwareVersion(unsigned char*) 0x08003265   Thumb Code    16  function.o(.text)
    Function::setMAndChick(unsigned char)    0x08003275   Thumb Code     6  function.o(.text)
    Function::getMTransmissionHead()         0x0800327b   Thumb Code     8  function.o(.text)
    Function::getMDeviceNumber()             0x08003283   Thumb Code     8  function.o(.text)
    Function::getMDumpEnergy()               0x0800328b   Thumb Code     8  function.o(.text)
    Function::getMMileage()                  0x08003293   Thumb Code     8  function.o(.text)
    Function::getMUltrasonic()               0x0800329b   Thumb Code     8  function.o(.text)
    Function::getMWheelSpeed()               0x080032a3   Thumb Code     8  function.o(.text)
    Function::getMCoordinates()              0x080032ab   Thumb Code     8  function.o(.text)
    Function::getMMPUdata()                  0x080032b3   Thumb Code     8  function.o(.text)
    Function::getMSignalBootTime()           0x080032bb   Thumb Code     8  function.o(.text)
    Function::getMSignalTravelTime()         0x080032c3   Thumb Code     8  function.o(.text)
    Function::getMSignalTravelDistance()     0x080032cb   Thumb Code     8  function.o(.text)
    Function::getMLoad()                     0x080032d3   Thumb Code     8  function.o(.text)
    Function::getMOnOff()                    0x080032db   Thumb Code     8  function.o(.text)
    Function::getMHeartbaat()                0x080032e3   Thumb Code     8  function.o(.text)
    Function::getMTheKeepByte()              0x080032eb   Thumb Code     8  function.o(.text)
    Function::getMFirmwareVersion()          0x080032f3   Thumb Code     8  function.o(.text)
    Function::getMAndChick()                 0x080032fb   Thumb Code     8  function.o(.text)
    Function::UpdateCoordinate()             0x08003303   Thumb Code   310  function.o(.text)
    Function::InitTheRelativeCoordinate()    0x08003439   Thumb Code   194  function.o(.text)
    Function::InitTwoMotor()                 0x080034fb   Thumb Code    70  function.o(.text)
    Function::InitMPU6050()                  0x08003541   Thumb Code    28  function.o(.text)
    Function::PWMControl()                   0x0800355d   Thumb Code   194  function.o(.text)
    Function::UpdateUltrasonic()             0x0800361f   Thumb Code    38  function.o(.text)
    Function::UpdateMPU6050()                0x08003645   Thumb Code    58  function.o(.text)
    Function::SendData()                     0x0800367f   Thumb Code   404  function.o(.text)
    SysTick_Handler                          0x0800384d   Thumb Code    12  taskmanager.o(.text)
    TaskManager::TaskManager()               0x08003859   Thumb Code    32  taskmanager.o(.text)
    TaskManager::TaskManager__sub_object()   0x08003859   Thumb Code     0  taskmanager.o(.text)
    TaskManager::Time()                      0x08003879   Thumb Code   120  taskmanager.o(.text)
    TaskManager::DelayUs(unsigned short)     0x080038f1   Thumb Code    70  taskmanager.o(.text)
    TaskManager::DelayMs(unsigned short)     0x08003937   Thumb Code    70  taskmanager.o(.text)
    TaskManager::DelayS(unsigned short)      0x0800397d   Thumb Code    60  taskmanager.o(.text)
    CoordinateControl::PressureControl()     0x080039f1   Thumb Code   176  coordinate.o(.text)
    CoordinateControl::SetMotor(bool, bool, unsigned short, unsigned short) 0x08003aa1   Thumb Code    52  coordinate.o(.text)
    CoordinateControl::RemoteControl()       0x08003ad5   Thumb Code   700  coordinate.o(.text)
    CoordinateControl::RaceControl()         0x08003d91   Thumb Code   272  coordinate.o(.text)
    CoordinateControl::CoordinateControl(Motor&, Motor&) 0x08003ea1   Thumb Code    12  coordinate.o(.text)
    CoordinateControl::CoordinateControl__sub_object(Motor&, Motor&) 0x08003ea1   Thumb Code     0  coordinate.o(.text)
    CoordinateControl::SetCoordinate(unsigned char*) 0x08003ead   Thumb Code    10  coordinate.o(.text)
    CoordinateControl::GetCoordinate()       0x08003eb7   Thumb Code     2  coordinate.o(.text)
    CoordinateControl::Controlcar()          0x08003eb9   Thumb Code    48  coordinate.o(.text)
    CoordinateControl::BuildtheCoordinate(float, float, float, float) 0x08003ee9   Thumb Code   152  coordinate.o(.text)
    CoordinateControl::~CoordinateControl()  0x08003f81   Thumb Code     2  coordinate.o(.text)
    CoordinateControl::~CoordinateControl__sub_object() 0x08003f81   Thumb Code     0  coordinate.o(.text)
    Reset_Handler                            0x08003f89   Thumb Code     8  startup_stm32f10x_md.o(.text)
    NMI_Handler                              0x08003f91   Thumb Code     2  startup_stm32f10x_md.o(.text)
    HardFault_Handler                        0x08003f93   Thumb Code     2  startup_stm32f10x_md.o(.text)
    MemManage_Handler                        0x08003f95   Thumb Code     2  startup_stm32f10x_md.o(.text)
    BusFault_Handler                         0x08003f97   Thumb Code     2  startup_stm32f10x_md.o(.text)
    UsageFault_Handler                       0x08003f99   Thumb Code     2  startup_stm32f10x_md.o(.text)
    SVC_Handler                              0x08003f9b   Thumb Code     2  startup_stm32f10x_md.o(.text)
    DebugMon_Handler                         0x08003f9d   Thumb Code     2  startup_stm32f10x_md.o(.text)
    PendSV_Handler                           0x08003f9f   Thumb Code     2  startup_stm32f10x_md.o(.text)
    ADC1_2_IRQHandler                        0x08003fa3   Thumb Code     0  startup_stm32f10x_md.o(.text)
    CAN1_RX1_IRQHandler                      0x08003fa3   Thumb Code     0  startup_stm32f10x_md.o(.text)
    CAN1_SCE_IRQHandler                      0x08003fa3   Thumb Code     0  startup_stm32f10x_md.o(.text)
    DMA1_Channel1_IRQHandler                 0x08003fa3   Thumb Code     0  startup_stm32f10x_md.o(.text)
    DMA1_Channel3_IRQHandler                 0x08003fa3   Thumb Code     0  startup_stm32f10x_md.o(.text)
    EXTI15_10_IRQHandler                     0x08003fa3   Thumb Code     0  startup_stm32f10x_md.o(.text)
    EXTI1_IRQHandler                         0x08003fa3   Thumb Code     0  startup_stm32f10x_md.o(.text)
    EXTI2_IRQHandler                         0x08003fa3   Thumb Code     0  startup_stm32f10x_md.o(.text)
    EXTI3_IRQHandler                         0x08003fa3   Thumb Code     0  startup_stm32f10x_md.o(.text)
    EXTI4_IRQHandler                         0x08003fa3   Thumb Code     0  startup_stm32f10x_md.o(.text)
    FLASH_IRQHandler                         0x08003fa3   Thumb Code     0  startup_stm32f10x_md.o(.text)
    PVD_IRQHandler                           0x08003fa3   Thumb Code     0  startup_stm32f10x_md.o(.text)
    RCC_IRQHandler                           0x08003fa3   Thumb Code     0  startup_stm32f10x_md.o(.text)
    RTCAlarm_IRQHandler                      0x08003fa3   Thumb Code     0  startup_stm32f10x_md.o(.text)
    RTC_IRQHandler                           0x08003fa3   Thumb Code     0  startup_stm32f10x_md.o(.text)
    SPI1_IRQHandler                          0x08003fa3   Thumb Code     0  startup_stm32f10x_md.o(.text)
    SPI2_IRQHandler                          0x08003fa3   Thumb Code     0  startup_stm32f10x_md.o(.text)
    TAMPER_IRQHandler                        0x08003fa3   Thumb Code     0  startup_stm32f10x_md.o(.text)
    TIM1_BRK_IRQHandler                      0x08003fa3   Thumb Code     0  startup_stm32f10x_md.o(.text)
    TIM1_CC_IRQHandler                       0x08003fa3   Thumb Code     0  startup_stm32f10x_md.o(.text)
    TIM1_TRG_COM_IRQHandler                  0x08003fa3   Thumb Code     0  startup_stm32f10x_md.o(.text)
    TIM1_UP_IRQHandler                       0x08003fa3   Thumb Code     0  startup_stm32f10x_md.o(.text)
    TIM2_IRQHandler                          0x08003fa3   Thumb Code     0  startup_stm32f10x_md.o(.text)
    TIM3_IRQHandler                          0x08003fa3   Thumb Code     0  startup_stm32f10x_md.o(.text)
    TIM4_IRQHandler                          0x08003fa3   Thumb Code     0  startup_stm32f10x_md.o(.text)
    USBWakeUp_IRQHandler                     0x08003fa3   Thumb Code     0  startup_stm32f10x_md.o(.text)
    USB_HP_CAN1_TX_IRQHandler                0x08003fa3   Thumb Code     0  startup_stm32f10x_md.o(.text)
    USB_LP_CAN1_RX0_IRQHandler               0x08003fa3   Thumb Code     0  startup_stm32f10x_md.o(.text)
    WWDG_IRQHandler                          0x08003fa3   Thumb Code     0  startup_stm32f10x_md.o(.text)
    __user_initial_stackheap                 0x08003fa5   Thumb Code     0  startup_stm32f10x_md.o(.text)
    SystemInit                               0x080040a7   Thumb Code    78  system_stm32f10x.o(.text)
    SystemCoreClockUpdate                    0x080040f5   Thumb Code   142  system_stm32f10x.o(.text)
    NVIC_PriorityGroupConfig                 0x080041a9   Thumb Code    10  misc.o(.text)
    NVIC_Init                                0x080041b3   Thumb Code   100  misc.o(.text)
    NVIC_SetVectorTable                      0x08004217   Thumb Code    14  misc.o(.text)
    NVIC_SystemLPConfig                      0x08004225   Thumb Code    34  misc.o(.text)
    SysTick_CLKSourceConfig                  0x08004247   Thumb Code    40  misc.o(.text)
    ADC_DeInit                               0x08004285   Thumb Code    78  stm32f10x_adc.o(.text)
    ADC_Init                                 0x080042d3   Thumb Code    70  stm32f10x_adc.o(.text)
    ADC_StructInit                           0x08004319   Thumb Code    18  stm32f10x_adc.o(.text)
    ADC_Cmd                                  0x0800432b   Thumb Code    22  stm32f10x_adc.o(.text)
    ADC_DMACmd                               0x08004341   Thumb Code    22  stm32f10x_adc.o(.text)
    ADC_ITConfig                             0x08004357   Thumb Code    24  stm32f10x_adc.o(.text)
    ADC_ResetCalibration                     0x0800436f   Thumb Code    10  stm32f10x_adc.o(.text)
    ADC_GetResetCalibrationStatus            0x08004379   Thumb Code    20  stm32f10x_adc.o(.text)
    ADC_StartCalibration                     0x0800438d   Thumb Code    10  stm32f10x_adc.o(.text)
    ADC_GetCalibrationStatus                 0x08004397   Thumb Code    20  stm32f10x_adc.o(.text)
    ADC_SoftwareStartConvCmd                 0x080043ab   Thumb Code    22  stm32f10x_adc.o(.text)
    ADC_GetSoftwareStartConvStatus           0x080043c1   Thumb Code    20  stm32f10x_adc.o(.text)
    ADC_DiscModeChannelCountConfig           0x080043d5   Thumb Code    24  stm32f10x_adc.o(.text)
    ADC_DiscModeCmd                          0x080043ed   Thumb Code    22  stm32f10x_adc.o(.text)
    ADC_RegularChannelConfig                 0x08004403   Thumb Code   184  stm32f10x_adc.o(.text)
    ADC_ExternalTrigConvCmd                  0x080044bb   Thumb Code    22  stm32f10x_adc.o(.text)
    ADC_GetConversionValue                   0x080044d1   Thumb Code     8  stm32f10x_adc.o(.text)
    ADC_GetDualModeConversionValue           0x080044d9   Thumb Code     8  stm32f10x_adc.o(.text)
    ADC_AutoInjectedConvCmd                  0x080044e1   Thumb Code    22  stm32f10x_adc.o(.text)
    ADC_InjectedDiscModeCmd                  0x080044f7   Thumb Code    22  stm32f10x_adc.o(.text)
    ADC_ExternalTrigInjectedConvConfig       0x0800450d   Thumb Code    16  stm32f10x_adc.o(.text)
    ADC_ExternalTrigInjectedConvCmd          0x0800451d   Thumb Code    22  stm32f10x_adc.o(.text)
    ADC_SoftwareStartInjectedConvCmd         0x08004533   Thumb Code    22  stm32f10x_adc.o(.text)
    ADC_GetSoftwareStartInjectedConvCmdStatus 0x08004549   Thumb Code    20  stm32f10x_adc.o(.text)
    ADC_InjectedChannelConfig                0x0800455d   Thumb Code   130  stm32f10x_adc.o(.text)
    ADC_InjectedSequencerLengthConfig        0x080045df   Thumb Code    24  stm32f10x_adc.o(.text)
    ADC_SetInjectedOffset                    0x080045f7   Thumb Code    20  stm32f10x_adc.o(.text)
    ADC_GetInjectedConversionValue           0x0800460b   Thumb Code    28  stm32f10x_adc.o(.text)
    ADC_AnalogWatchdogCmd                    0x08004627   Thumb Code    16  stm32f10x_adc.o(.text)
    ADC_AnalogWatchdogThresholdsConfig       0x08004637   Thumb Code     6  stm32f10x_adc.o(.text)
    ADC_AnalogWatchdogSingleChannelConfig    0x0800463d   Thumb Code    16  stm32f10x_adc.o(.text)
    ADC_TempSensorVrefintCmd                 0x0800464d   Thumb Code    64  stm32f10x_adc.o(.text)
    ADC_GetFlagStatus                        0x0800468d   Thumb Code    18  stm32f10x_adc.o(.text)
    ADC_ClearFlag                            0x0800469f   Thumb Code     6  stm32f10x_adc.o(.text)
    ADC_GetITStatus                          0x080046a5   Thumb Code    36  stm32f10x_adc.o(.text)
    ADC_ClearITPendingBit                    0x080046c9   Thumb Code    10  stm32f10x_adc.o(.text)
    DMA_DeInit                               0x080046d5   Thumb Code   324  stm32f10x_dma.o(.text)
    DMA_Init                                 0x08004819   Thumb Code    60  stm32f10x_dma.o(.text)
    DMA_StructInit                           0x08004855   Thumb Code    26  stm32f10x_dma.o(.text)
    DMA_Cmd                                  0x0800486f   Thumb Code    24  stm32f10x_dma.o(.text)
    DMA_ITConfig                             0x08004887   Thumb Code    18  stm32f10x_dma.o(.text)
    DMA_SetCurrDataCounter                   0x08004899   Thumb Code     4  stm32f10x_dma.o(.text)
    DMA_GetCurrDataCounter                   0x0800489d   Thumb Code     8  stm32f10x_dma.o(.text)
    DMA_GetFlagStatus                        0x080048a5   Thumb Code    40  stm32f10x_dma.o(.text)
    DMA_ClearFlag                            0x080048cd   Thumb Code    22  stm32f10x_dma.o(.text)
    DMA_GetITStatus                          0x080048e3   Thumb Code    40  stm32f10x_dma.o(.text)
    DMA_ClearITPendingBit                    0x0800490b   Thumb Code    22  stm32f10x_dma.o(.text)
    EXTI_DeInit                              0x08004929   Thumb Code    28  stm32f10x_exti.o(.text)
    EXTI_Init                                0x08004945   Thumb Code   142  stm32f10x_exti.o(.text)
    EXTI_StructInit                          0x080049d3   Thumb Code    16  stm32f10x_exti.o(.text)
    EXTI_GenerateSWInterrupt                 0x080049e3   Thumb Code    16  stm32f10x_exti.o(.text)
    EXTI_GetFlagStatus                       0x080049f3   Thumb Code    22  stm32f10x_exti.o(.text)
    EXTI_ClearFlag                           0x08004a09   Thumb Code     8  stm32f10x_exti.o(.text)
    EXTI_GetITStatus                         0x08004a11   Thumb Code    34  stm32f10x_exti.o(.text)
    EXTI_ClearITPendingBit                   0x08004a33   Thumb Code     8  stm32f10x_exti.o(.text)
    GPIO_DeInit                              0x08004a45   Thumb Code   172  stm32f10x_gpio.o(.text)
    GPIO_AFIODeInit                          0x08004af1   Thumb Code    20  stm32f10x_gpio.o(.text)
    GPIO_Init                                0x08004b05   Thumb Code   278  stm32f10x_gpio.o(.text)
    GPIO_StructInit                          0x08004c1b   Thumb Code    16  stm32f10x_gpio.o(.text)
    GPIO_ReadInputDataBit                    0x08004c2b   Thumb Code    18  stm32f10x_gpio.o(.text)
    GPIO_ReadInputData                       0x08004c3d   Thumb Code     8  stm32f10x_gpio.o(.text)
    GPIO_ReadOutputDataBit                   0x08004c45   Thumb Code    18  stm32f10x_gpio.o(.text)
    GPIO_ReadOutputData                      0x08004c57   Thumb Code     8  stm32f10x_gpio.o(.text)
    GPIO_SetBits                             0x08004c5f   Thumb Code     4  stm32f10x_gpio.o(.text)
    GPIO_ResetBits                           0x08004c63   Thumb Code     4  stm32f10x_gpio.o(.text)
    GPIO_WriteBit                            0x08004c67   Thumb Code    10  stm32f10x_gpio.o(.text)
    GPIO_Write                               0x08004c71   Thumb Code     4  stm32f10x_gpio.o(.text)
    GPIO_PinLockConfig                       0x08004c75   Thumb Code    18  stm32f10x_gpio.o(.text)
    GPIO_EventOutputConfig                   0x08004c87   Thumb Code    26  stm32f10x_gpio.o(.text)
    GPIO_EventOutputCmd                      0x08004ca1   Thumb Code     6  stm32f10x_gpio.o(.text)
    GPIO_PinRemapConfig                      0x08004ca7   Thumb Code   138  stm32f10x_gpio.o(.text)
    GPIO_EXTILineConfig                      0x08004d31   Thumb Code    66  stm32f10x_gpio.o(.text)
    GPIO_ETH_MediaInterfaceConfig            0x08004d73   Thumb Code     8  stm32f10x_gpio.o(.text)
    I2C_DeInit                               0x08004da1   Thumb Code    50  stm32f10x_i2c.o(.text)
    I2C_Init                                 0x08004dd3   Thumb Code   222  stm32f10x_i2c.o(.text)
    I2C_StructInit                           0x08004eb1   Thumb Code    30  stm32f10x_i2c.o(.text)
    I2C_Cmd                                  0x08004ecf   Thumb Code    24  stm32f10x_i2c.o(.text)
    I2C_DMACmd                               0x08004ee7   Thumb Code    24  stm32f10x_i2c.o(.text)
    I2C_DMALastTransferCmd                   0x08004eff   Thumb Code    24  stm32f10x_i2c.o(.text)
    I2C_GenerateSTART                        0x08004f17   Thumb Code    24  stm32f10x_i2c.o(.text)
    I2C_GenerateSTOP                         0x08004f2f   Thumb Code    24  stm32f10x_i2c.o(.text)
    I2C_AcknowledgeConfig                    0x08004f47   Thumb Code    24  stm32f10x_i2c.o(.text)
    I2C_OwnAddress2Config                    0x08004f5f   Thumb Code    22  stm32f10x_i2c.o(.text)
    I2C_DualAddressCmd                       0x08004f75   Thumb Code    24  stm32f10x_i2c.o(.text)
    I2C_GeneralCallCmd                       0x08004f8d   Thumb Code    24  stm32f10x_i2c.o(.text)
    I2C_ITConfig                             0x08004fa5   Thumb Code    18  stm32f10x_i2c.o(.text)
    I2C_SendData                             0x08004fb7   Thumb Code     4  stm32f10x_i2c.o(.text)
    I2C_ReceiveData                          0x08004fbb   Thumb Code     8  stm32f10x_i2c.o(.text)
    I2C_Send7bitAddress                      0x08004fc3   Thumb Code    18  stm32f10x_i2c.o(.text)
    I2C_ReadRegister                         0x08004fd5   Thumb Code    22  stm32f10x_i2c.o(.text)
    I2C_SoftwareResetCmd                     0x08004feb   Thumb Code    22  stm32f10x_i2c.o(.text)
    I2C_NACKPositionConfig                   0x08005001   Thumb Code    28  stm32f10x_i2c.o(.text)
    I2C_SMBusAlertConfig                     0x0800501d   Thumb Code    28  stm32f10x_i2c.o(.text)
    I2C_TransmitPEC                          0x08005039   Thumb Code    24  stm32f10x_i2c.o(.text)
    I2C_PECPositionConfig                    0x08005051   Thumb Code    28  stm32f10x_i2c.o(.text)
    I2C_CalculatePEC                         0x0800506d   Thumb Code    24  stm32f10x_i2c.o(.text)
    I2C_GetPEC                               0x08005085   Thumb Code     8  stm32f10x_i2c.o(.text)
    I2C_ARPCmd                               0x0800508d   Thumb Code    24  stm32f10x_i2c.o(.text)
    I2C_StretchClockCmd                      0x080050a5   Thumb Code    24  stm32f10x_i2c.o(.text)
    I2C_FastModeDutyCycleConfig              0x080050bd   Thumb Code    28  stm32f10x_i2c.o(.text)
    I2C_CheckEvent                           0x080050d9   Thumb Code    42  stm32f10x_i2c.o(.text)
    I2C_GetLastEvent                         0x08005103   Thumb Code    26  stm32f10x_i2c.o(.text)
    I2C_GetFlagStatus                        0x0800511d   Thumb Code    58  stm32f10x_i2c.o(.text)
    I2C_ClearFlag                            0x08005157   Thumb Code    12  stm32f10x_i2c.o(.text)
    I2C_GetITStatus                          0x08005163   Thumb Code    54  stm32f10x_i2c.o(.text)
    I2C_ClearITPendingBit                    0x08005199   Thumb Code    12  stm32f10x_i2c.o(.text)
    RCC_DeInit                               0x080051a5   Thumb Code    64  stm32f10x_rcc.o(.text)
    RCC_HSEConfig                            0x080051e5   Thumb Code    70  stm32f10x_rcc.o(.text)
    RCC_GetFlagStatus                        0x0800522b   Thumb Code    56  stm32f10x_rcc.o(.text)
    RCC_WaitForHSEStartUp                    0x08005263   Thumb Code    56  stm32f10x_rcc.o(.text)
    RCC_AdjustHSICalibrationValue            0x0800529b   Thumb Code    20  stm32f10x_rcc.o(.text)
    RCC_HSICmd                               0x080052af   Thumb Code     6  stm32f10x_rcc.o(.text)
    RCC_PLLConfig                            0x080052b5   Thumb Code    24  stm32f10x_rcc.o(.text)
    RCC_PLLCmd                               0x080052cd   Thumb Code     6  stm32f10x_rcc.o(.text)
    RCC_SYSCLKConfig                         0x080052d3   Thumb Code    18  stm32f10x_rcc.o(.text)
    RCC_GetSYSCLKSource                      0x080052e5   Thumb Code    10  stm32f10x_rcc.o(.text)
    RCC_HCLKConfig                           0x080052ef   Thumb Code    18  stm32f10x_rcc.o(.text)
    RCC_PCLK1Config                          0x08005301   Thumb Code    18  stm32f10x_rcc.o(.text)
    RCC_PCLK2Config                          0x08005313   Thumb Code    20  stm32f10x_rcc.o(.text)
    RCC_ITConfig                             0x08005327   Thumb Code    26  stm32f10x_rcc.o(.text)
    RCC_USBCLKConfig                         0x08005341   Thumb Code     8  stm32f10x_rcc.o(.text)
    RCC_ADCCLKConfig                         0x08005349   Thumb Code    18  stm32f10x_rcc.o(.text)
    RCC_LSEConfig                            0x0800535b   Thumb Code    50  stm32f10x_rcc.o(.text)
    RCC_LSICmd                               0x0800538d   Thumb Code     6  stm32f10x_rcc.o(.text)
    RCC_RTCCLKConfig                         0x08005393   Thumb Code    12  stm32f10x_rcc.o(.text)
    RCC_RTCCLKCmd                            0x0800539f   Thumb Code     8  stm32f10x_rcc.o(.text)
    RCC_GetClocksFreq                        0x080053a7   Thumb Code   192  stm32f10x_rcc.o(.text)
    RCC_AHBPeriphClockCmd                    0x08005467   Thumb Code    26  stm32f10x_rcc.o(.text)
    RCC_APB2PeriphClockCmd                   0x08005481   Thumb Code    26  stm32f10x_rcc.o(.text)
    RCC_APB1PeriphClockCmd                   0x0800549b   Thumb Code    26  stm32f10x_rcc.o(.text)
    RCC_APB2PeriphResetCmd                   0x080054b5   Thumb Code    26  stm32f10x_rcc.o(.text)
    RCC_APB1PeriphResetCmd                   0x080054cf   Thumb Code    26  stm32f10x_rcc.o(.text)
    RCC_BackupResetCmd                       0x080054e9   Thumb Code     8  stm32f10x_rcc.o(.text)
    RCC_ClockSecuritySystemCmd               0x080054f1   Thumb Code     6  stm32f10x_rcc.o(.text)
    RCC_MCOConfig                            0x080054f7   Thumb Code     6  stm32f10x_rcc.o(.text)
    RCC_ClearFlag                            0x080054fd   Thumb Code    14  stm32f10x_rcc.o(.text)
    RCC_GetITStatus                          0x0800550b   Thumb Code    20  stm32f10x_rcc.o(.text)
    RCC_ClearITPendingBit                    0x0800551f   Thumb Code     6  stm32f10x_rcc.o(.text)
    TIM_DeInit                               0x08005549   Thumb Code   424  stm32f10x_tim.o(.text)
    TIM_TimeBaseInit                         0x080056f1   Thumb Code   122  stm32f10x_tim.o(.text)
    TIM_OC1Init                              0x0800576b   Thumb Code   132  stm32f10x_tim.o(.text)
    TIM_OC2Init                              0x080057ef   Thumb Code   154  stm32f10x_tim.o(.text)
    TIM_OC3Init                              0x08005889   Thumb Code   150  stm32f10x_tim.o(.text)
    TIM_OC4Init                              0x0800591f   Thumb Code   182  stm32f10x_tim.o(.text)
    TIM_SetIC4Prescaler                      0x080059d5   Thumb Code    26  stm32f10x_tim.o(.text)
    TIM_SetIC3Prescaler                      0x08005a71   Thumb Code    18  stm32f10x_tim.o(.text)
    TIM_SetIC2Prescaler                      0x08005afd   Thumb Code    26  stm32f10x_tim.o(.text)
    TIM_SetIC1Prescaler                      0x08005b99   Thumb Code    18  stm32f10x_tim.o(.text)
    TIM_ICInit                               0x08005c17   Thumb Code   150  stm32f10x_tim.o(.text)
    TIM_PWMIConfig                           0x08005cad   Thumb Code   124  stm32f10x_tim.o(.text)
    TIM_BDTRConfig                           0x08005d29   Thumb Code    32  stm32f10x_tim.o(.text)
    TIM_TimeBaseStructInit                   0x08005d49   Thumb Code    18  stm32f10x_tim.o(.text)
    TIM_OCStructInit                         0x08005d5b   Thumb Code    20  stm32f10x_tim.o(.text)
    TIM_ICStructInit                         0x08005d6f   Thumb Code    18  stm32f10x_tim.o(.text)
    TIM_BDTRStructInit                       0x08005d81   Thumb Code    40  stm32f10x_tim.o(.text)
    TIM_Cmd                                  0x08005da9   Thumb Code    24  stm32f10x_tim.o(.text)
    TIM_CtrlPWMOutputs                       0x08005dc1   Thumb Code    30  stm32f10x_tim.o(.text)
    TIM_ITConfig                             0x08005ddf   Thumb Code    18  stm32f10x_tim.o(.text)
    TIM_GenerateEvent                        0x08005df1   Thumb Code     4  stm32f10x_tim.o(.text)
    TIM_DMAConfig                            0x08005df5   Thumb Code    10  stm32f10x_tim.o(.text)
    TIM_DMACmd                               0x08005dff   Thumb Code    18  stm32f10x_tim.o(.text)
    TIM_InternalClockConfig                  0x08005e11   Thumb Code    12  stm32f10x_tim.o(.text)
    TIM_SelectInputTrigger                   0x08005e1d   Thumb Code    18  stm32f10x_tim.o(.text)
    TIM_ITRxExternalClockConfig              0x08005e2f   Thumb Code    24  stm32f10x_tim.o(.text)
    TIM_TIxExternalClockConfig               0x08005e47   Thumb Code    62  stm32f10x_tim.o(.text)
    TIM_ETRConfig                            0x08005e85   Thumb Code    28  stm32f10x_tim.o(.text)
    TIM_ETRClockMode1Config                  0x08005ea1   Thumb Code    54  stm32f10x_tim.o(.text)
    TIM_ETRClockMode2Config                  0x08005ed7   Thumb Code    32  stm32f10x_tim.o(.text)
    TIM_PrescalerConfig                      0x08005ef7   Thumb Code     6  stm32f10x_tim.o(.text)
    TIM_CounterModeConfig                    0x08005efd   Thumb Code    18  stm32f10x_tim.o(.text)
    TIM_EncoderInterfaceConfig               0x08005f0f   Thumb Code    66  stm32f10x_tim.o(.text)
    TIM_ForcedOC1Config                      0x08005f51   Thumb Code    18  stm32f10x_tim.o(.text)
    TIM_ForcedOC2Config                      0x08005f63   Thumb Code    26  stm32f10x_tim.o(.text)
    TIM_ForcedOC3Config                      0x08005f7d   Thumb Code    18  stm32f10x_tim.o(.text)
    TIM_ForcedOC4Config                      0x08005f8f   Thumb Code    26  stm32f10x_tim.o(.text)
    TIM_ARRPreloadConfig                     0x08005fa9   Thumb Code    24  stm32f10x_tim.o(.text)
    TIM_SelectCOM                            0x08005fc1   Thumb Code    24  stm32f10x_tim.o(.text)
    TIM_SelectCCDMA                          0x08005fd9   Thumb Code    24  stm32f10x_tim.o(.text)
    TIM_CCPreloadControl                     0x08005ff1   Thumb Code    24  stm32f10x_tim.o(.text)
    TIM_OC1PreloadConfig                     0x08006009   Thumb Code    18  stm32f10x_tim.o(.text)
    TIM_OC2PreloadConfig                     0x0800601b   Thumb Code    26  stm32f10x_tim.o(.text)
    TIM_OC3PreloadConfig                     0x08006035   Thumb Code    18  stm32f10x_tim.o(.text)
    TIM_OC4PreloadConfig                     0x08006047   Thumb Code    26  stm32f10x_tim.o(.text)
    TIM_OC1FastConfig                        0x08006061   Thumb Code    18  stm32f10x_tim.o(.text)
    TIM_OC2FastConfig                        0x08006073   Thumb Code    26  stm32f10x_tim.o(.text)
    TIM_OC3FastConfig                        0x0800608d   Thumb Code    18  stm32f10x_tim.o(.text)
    TIM_OC4FastConfig                        0x0800609f   Thumb Code    26  stm32f10x_tim.o(.text)
    TIM_ClearOC1Ref                          0x080060b9   Thumb Code    18  stm32f10x_tim.o(.text)
    TIM_ClearOC2Ref                          0x080060cb   Thumb Code    24  stm32f10x_tim.o(.text)
    TIM_ClearOC3Ref                          0x080060e3   Thumb Code    18  stm32f10x_tim.o(.text)
    TIM_ClearOC4Ref                          0x080060f5   Thumb Code    24  stm32f10x_tim.o(.text)
    TIM_OC1PolarityConfig                    0x0800610d   Thumb Code    18  stm32f10x_tim.o(.text)
    TIM_OC1NPolarityConfig                   0x0800611f   Thumb Code    18  stm32f10x_tim.o(.text)
    TIM_OC2PolarityConfig                    0x08006131   Thumb Code    26  stm32f10x_tim.o(.text)
    TIM_OC2NPolarityConfig                   0x0800614b   Thumb Code    26  stm32f10x_tim.o(.text)
    TIM_OC3PolarityConfig                    0x08006165   Thumb Code    26  stm32f10x_tim.o(.text)
    TIM_OC3NPolarityConfig                   0x0800617f   Thumb Code    26  stm32f10x_tim.o(.text)
    TIM_OC4PolarityConfig                    0x08006199   Thumb Code    26  stm32f10x_tim.o(.text)
    TIM_CCxCmd                               0x080061b3   Thumb Code    30  stm32f10x_tim.o(.text)
    TIM_CCxNCmd                              0x080061d1   Thumb Code    30  stm32f10x_tim.o(.text)
    TIM_SelectOCxM                           0x080061ef   Thumb Code    82  stm32f10x_tim.o(.text)
    TIM_UpdateDisableConfig                  0x08006241   Thumb Code    24  stm32f10x_tim.o(.text)
    TIM_UpdateRequestConfig                  0x08006259   Thumb Code    24  stm32f10x_tim.o(.text)
    TIM_SelectHallSensor                     0x08006271   Thumb Code    24  stm32f10x_tim.o(.text)
    TIM_SelectOnePulseMode                   0x08006289   Thumb Code    18  stm32f10x_tim.o(.text)
    TIM_SelectOutputTrigger                  0x0800629b   Thumb Code    18  stm32f10x_tim.o(.text)
    TIM_SelectSlaveMode                      0x080062ad   Thumb Code    18  stm32f10x_tim.o(.text)
    TIM_SelectMasterSlaveMode                0x080062bf   Thumb Code    18  stm32f10x_tim.o(.text)
    TIM_SetCounter                           0x080062d1   Thumb Code     4  stm32f10x_tim.o(.text)
    TIM_SetAutoreload                        0x080062d5   Thumb Code     4  stm32f10x_tim.o(.text)
    TIM_SetCompare1                          0x080062d9   Thumb Code     4  stm32f10x_tim.o(.text)
    TIM_SetCompare2                          0x080062dd   Thumb Code     4  stm32f10x_tim.o(.text)
    TIM_SetCompare3                          0x080062e1   Thumb Code     4  stm32f10x_tim.o(.text)
    TIM_SetCompare4                          0x080062e5   Thumb Code     6  stm32f10x_tim.o(.text)
    TIM_SetClockDivision                     0x080062eb   Thumb Code    18  stm32f10x_tim.o(.text)
    TIM_GetCapture1                          0x080062fd   Thumb Code     6  stm32f10x_tim.o(.text)
    TIM_GetCapture2                          0x08006303   Thumb Code     6  stm32f10x_tim.o(.text)
    TIM_GetCapture3                          0x08006309   Thumb Code     6  stm32f10x_tim.o(.text)
    TIM_GetCapture4                          0x0800630f   Thumb Code     8  stm32f10x_tim.o(.text)
    TIM_GetCounter                           0x08006317   Thumb Code     6  stm32f10x_tim.o(.text)
    TIM_GetPrescaler                         0x0800631d   Thumb Code     6  stm32f10x_tim.o(.text)
    TIM_GetFlagStatus                        0x08006323   Thumb Code    18  stm32f10x_tim.o(.text)
    TIM_ClearFlag                            0x08006335   Thumb Code     6  stm32f10x_tim.o(.text)
    TIM_GetITStatus                          0x0800633b   Thumb Code    34  stm32f10x_tim.o(.text)
    TIM_ClearITPendingBit                    0x0800635d   Thumb Code     6  stm32f10x_tim.o(.text)
    USART_DeInit                             0x08006365   Thumb Code   134  stm32f10x_usart.o(.text)
    USART_Init                               0x080063eb   Thumb Code   210  stm32f10x_usart.o(.text)
    USART_StructInit                         0x080064bd   Thumb Code    24  stm32f10x_usart.o(.text)
    USART_ClockInit                          0x080064d5   Thumb Code    34  stm32f10x_usart.o(.text)
    USART_ClockStructInit                    0x080064f7   Thumb Code    12  stm32f10x_usart.o(.text)
    USART_Cmd                                0x08006503   Thumb Code    24  stm32f10x_usart.o(.text)
    USART_ITConfig                           0x0800651b   Thumb Code    74  stm32f10x_usart.o(.text)
    USART_DMACmd                             0x08006565   Thumb Code    18  stm32f10x_usart.o(.text)
    USART_SetAddress                         0x08006577   Thumb Code    18  stm32f10x_usart.o(.text)
    USART_WakeUpConfig                       0x08006589   Thumb Code    18  stm32f10x_usart.o(.text)
    USART_ReceiverWakeUpCmd                  0x0800659b   Thumb Code    24  stm32f10x_usart.o(.text)
    USART_LINBreakDetectLengthConfig         0x080065b3   Thumb Code    18  stm32f10x_usart.o(.text)
    USART_LINCmd                             0x080065c5   Thumb Code    24  stm32f10x_usart.o(.text)
    USART_SendData                           0x080065dd   Thumb Code     8  stm32f10x_usart.o(.text)
    USART_ReceiveData                        0x080065e5   Thumb Code    10  stm32f10x_usart.o(.text)
    USART_SendBreak                          0x080065ef   Thumb Code    10  stm32f10x_usart.o(.text)
    USART_SetGuardTime                       0x080065f9   Thumb Code    16  stm32f10x_usart.o(.text)
    USART_SetPrescaler                       0x08006609   Thumb Code    16  stm32f10x_usart.o(.text)
    USART_SmartCardCmd                       0x08006619   Thumb Code    24  stm32f10x_usart.o(.text)
    USART_SmartCardNACKCmd                   0x08006631   Thumb Code    24  stm32f10x_usart.o(.text)
    USART_HalfDuplexCmd                      0x08006649   Thumb Code    24  stm32f10x_usart.o(.text)
    USART_OverSampling8Cmd                   0x08006661   Thumb Code    22  stm32f10x_usart.o(.text)
    USART_OneBitMethodCmd                    0x08006677   Thumb Code    24  stm32f10x_usart.o(.text)
    USART_IrDAConfig                         0x0800668f   Thumb Code    18  stm32f10x_usart.o(.text)
    USART_IrDACmd                            0x080066a1   Thumb Code    24  stm32f10x_usart.o(.text)
    USART_GetFlagStatus                      0x080066b9   Thumb Code    26  stm32f10x_usart.o(.text)
    USART_ClearFlag                          0x080066d3   Thumb Code    18  stm32f10x_usart.o(.text)
    USART_GetITStatus                        0x080066e5   Thumb Code    84  stm32f10x_usart.o(.text)
    USART_ClearITPendingBit                  0x08006739   Thumb Code    52  stm32f10x_usart.o(.text)
    __aeabi_memcpy4                          0x0800676d   Thumb Code     0  rt_memcpy_w.o(.text)
    __aeabi_memcpy8                          0x0800676d   Thumb Code     0  rt_memcpy_w.o(.text)
    __rt_memcpy_w                            0x0800676d   Thumb Code   100  rt_memcpy_w.o(.text)
    _memcpy_lastbytes_aligned                0x080067b5   Thumb Code     0  rt_memcpy_w.o(.text)
    __aeabi_memclr4                          0x080067d1   Thumb Code     0  rt_memclr_w.o(.text)
    __aeabi_memclr8                          0x080067d1   Thumb Code     0  rt_memclr_w.o(.text)
    __rt_memclr_w                            0x080067d1   Thumb Code    78  rt_memclr_w.o(.text)
    _memset_w                                0x080067d5   Thumb Code     0  rt_memclr_w.o(.text)
    __use_two_region_memory                  0x0800681f   Thumb Code     2  heapauxi.o(.text)
    __rt_heap_escrow                         0x08006821   Thumb Code     2  heapauxi.o(.text)
    __rt_heap_expand                         0x08006823   Thumb Code     2  heapauxi.o(.text)
    __cpp_initialize__aeabi_                 0x08006825   Thumb Code    26  init_aeabi.o(.text)
    __rt_ddtor_pointer_addr                  0x08006849   Thumb Code     8  rt_ddtor_pointer_addr_intlibspace.o(.text)
    malloc                                   0x08006851   Thumb Code    94  h1_alloc.o(.text)
    __read_errno                             0x080068af   Thumb Code    10  _rserrno.o(.text)
    __set_errno                              0x080068b9   Thumb Code    12  _rserrno.o(.text)
    __user_libspace                          0x080068c5   Thumb Code     8  libspace.o(.text)
    __user_perproc_libspace                  0x080068c5   Thumb Code     0  libspace.o(.text)
    __user_perthread_libspace                0x080068c5   Thumb Code     0  libspace.o(.text)
    __rt_heap_descriptor                     0x080068cd   Thumb Code     8  rt_heap_descriptor_intlibspace.o(.text)
    __aeabi_errno_addr                       0x080068d5   Thumb Code     8  rt_errno_addr_intlibspace.o(.text)
    __errno$intlibspace                      0x080068d5   Thumb Code     0  rt_errno_addr_intlibspace.o(.text)
    __rt_errno_addr$intlibspace              0x080068d5   Thumb Code     0  rt_errno_addr_intlibspace.o(.text)
    __use_no_heap                            0x080068dd   Thumb Code     2  hguard.o(.text)
    __heap$guard                             0x080068df   Thumb Code     2  hguard.o(.text)
    _terminate_user_alloc                    0x080068e1   Thumb Code     2  init_alloc.o(.text)
    _init_user_alloc                         0x080068e3   Thumb Code     2  init_alloc.o(.text)
    __Heap_Full                              0x080068e5   Thumb Code    34  init_alloc.o(.text)
    __Heap_Broken                            0x08006907   Thumb Code     6  init_alloc.o(.text)
    _init_alloc                              0x0800690d   Thumb Code    94  init_alloc.o(.text)
    __Heap_Initialize                        0x0800696b   Thumb Code    10  h1_init.o(.text)
    __Heap_DescSize                          0x08006975   Thumb Code     4  h1_init.o(.text)
    free                                     0x08006979   Thumb Code    78  h1_free.o(.text)
    __user_setup_stackheap                   0x080069c7   Thumb Code    74  sys_stackheap_outer.o(.text)
    __Heap_ProvideMemory                     0x08006a11   Thumb Code    52  h1_extend.o(.text)
    exit                                     0x08006a45   Thumb Code    12  exit.o(.text)
    __rt_SIGRTMEM                            0x08006a51   Thumb Code    14  defsig_rtmem_outer.o(.text)
    __I$use$semihosting                      0x08006a5f   Thumb Code     0  use_no_semi.o(.text)
    __use_no_semihosting_swi                 0x08006a5f   Thumb Code     2  use_no_semi.o(.text)
    __semihosting_library_function           0x08006a61   Thumb Code     0  indicate_semi.o(.text)
    __sig_exit                               0x08006a61   Thumb Code    10  defsig_exit.o(.text)
    __rt_SIGRTMEM_inner                      0x08006a6d   Thumb Code    22  defsig_rtmem_inner.o(.text)
    _sys_exit                                0x08006abd   Thumb Code     8  sys_exit.o(.text)
    __default_signal_display                 0x08006ac9   Thumb Code    50  defsig_general.o(.text)
    _ttywrch                                 0x08006afb   Thumb Code    14  sys_wrch.o(.text)
    ADC::ADC(unsigned char, unsigned char, unsigned char, unsigned char, unsigned char, unsigned char, unsigned char, unsigned char, unsigned char, unsigned char) 0x08006b09   Thumb Code    84  function.o(i._ZN3ADCC1Ehhhhhhhhhh)
    ADC::ADC__sub_object(unsigned char, unsigned char, unsigned char, unsigned char, unsigned char, unsigned char, unsigned char, unsigned char, unsigned char, unsigned char) 0x08006b09   Thumb Code     0  function.o(i._ZN3ADCC1Ehhhhhhhhhh)
    Function::~Function()                    0x08006b5d   Thumb Code   104  function.o(i._ZN8FunctionD1Ev)
    Function::~Function__sub_object()        0x08006b5d   Thumb Code     0  function.o(i._ZN8FunctionD1Ev)
    std::sqrt(float)                         0x08006bc5   Thumb Code    12  coordinate.o(i._ZSt4sqrtf)
    __aeabi_atexit                           0x08006bd1   Thumb Code    50  aeabi_atexit.o(i.__aeabi_atexit)
    __cxa_finalize                           0x08006c03   Thumb Code    66  cxa_finalize.o(i.__cxa_finalize)
    sqrtf                                    0x08006c45   Thumb Code    44  sqrtf.o(i.sqrtf)
    FIFOBuffer<I2C_Command_Struct, (unsigned short)40>::Get(I2C_Command_Struct&) 0x08006c71   Thumb Code    68  i2c.o(t._ZN10FIFOBufferI18I2C_Command_StructLt40EE3GetERS0_)
    FIFOBuffer<I2C_Command_Struct, (unsigned short)40>::Put(const I2C_Command_Struct&) 0x08006cb5   Thumb Code    72  i2c.o(t._ZN10FIFOBufferI18I2C_Command_StructLt40EE3PutERKS0_)
    FIFOBuffer<I2C_Command_Struct, (unsigned short)40>::Size() 0x08006cfd   Thumb Code     8  i2c.o(t._ZN10FIFOBufferI18I2C_Command_StructLt40EE4SizeEv)
    FIFOBuffer<I2C_Command_Struct, (unsigned short)40>::Clear() 0x08006d05   Thumb Code    16  i2c.o(t._ZN10FIFOBufferI18I2C_Command_StructLt40EE5ClearEv)
    FIFOBuffer<I2C_Command_Struct, (unsigned short)40>::FIFOBuffer() 0x08006d15   Thumb Code    22  i2c.o(t._ZN10FIFOBufferI18I2C_Command_StructLt40EEC1Ev)
    FIFOBuffer<I2C_Command_Struct, (unsigned short)40>::FIFOBuffer__sub_object() 0x08006d15   Thumb Code     0  i2c.o(t._ZN10FIFOBufferI18I2C_Command_StructLt40EEC1Ev)
    FIFOBuffer<unsigned char, (unsigned short)400>::Get(unsigned char&) 0x08006d2b   Thumb Code    60  usart.o(t._ZN10FIFOBufferIhLt400EE3GetERh)
    FIFOBuffer<unsigned char, (unsigned short)400>::Put(const unsigned char&) 0x08006d67   Thumb Code    66  usart.o(t._ZN10FIFOBufferIhLt400EE3PutERKh)
    FIFOBuffer<unsigned char, (unsigned short)400>::Gets(unsigned char*, unsigned short) 0x08006da9   Thumb Code    74  usart.o(t._ZN10FIFOBufferIhLt400EE4GetsEPht)
    FIFOBuffer<unsigned char, (unsigned short)400>::Puts(unsigned char*, unsigned short) 0x08006df3   Thumb Code    80  usart.o(t._ZN10FIFOBufferIhLt400EE4PutsEPht)
    FIFOBuffer<unsigned char, (unsigned short)400>::Size() 0x08006e43   Thumb Code     8  usart.o(t._ZN10FIFOBufferIhLt400EE4SizeEv)
    FIFOBuffer<unsigned char, (unsigned short)400>::FIFOBuffer() 0x08006e4b   Thumb Code    24  usart.o(t._ZN10FIFOBufferIhLt400EEC1Ev)
    FIFOBuffer<unsigned char, (unsigned short)400>::FIFOBuffer__sub_object() 0x08006e4b   Thumb Code     0  usart.o(t._ZN10FIFOBufferIhLt400EEC1Ev)
    Vector3<int>::Vector3()                  0x08006e63   Thumb Code    10  mpu6050.o(t._ZN7Vector3IiEC1Ev)
    Vector3<int>::Vector3__sub_object()      0x08006e63   Thumb Code     0  mpu6050.o(t._ZN7Vector3IiEC1Ev)
    Vector3<int>::operator =(const Vector3<int>&) 0x08006e6d   Thumb Code    14  mpu6050.o(t._ZN7Vector3IiEaSERKS0_)
    __aeabi_d2f                              0x08006e7d   Thumb Code     0  d2f.o(x$fpl$d2f)
    _d2f                                     0x08006e7d   Thumb Code    98  d2f.o(x$fpl$d2f)
    __aeabi_dadd                             0x08006ee1   Thumb Code     0  daddsub_clz.o(x$fpl$dadd)
    _dadd                                    0x08006ee1   Thumb Code   332  daddsub_clz.o(x$fpl$dadd)
    __fpl_dcmp_Inf                           0x08007031   Thumb Code    24  dcmpi.o(x$fpl$dcmpinf)
    __aeabi_ddiv                             0x08007049   Thumb Code     0  ddiv.o(x$fpl$ddiv)
    _ddiv                                    0x08007049   Thumb Code   552  ddiv.o(x$fpl$ddiv)
    __aeabi_d2uiz                            0x080072f9   Thumb Code     0  dfixu.o(x$fpl$dfixu)
    _dfixu                                   0x080072f9   Thumb Code    90  dfixu.o(x$fpl$dfixu)
    __aeabi_ui2d                             0x08007353   Thumb Code     0  dflt_clz.o(x$fpl$dfltu)
    _dfltu                                   0x08007353   Thumb Code    38  dflt_clz.o(x$fpl$dfltu)
    __aeabi_cdcmple                          0x08007379   Thumb Code     0  dleqf.o(x$fpl$dleqf)
    _dcmple                                  0x08007379   Thumb Code   120  dleqf.o(x$fpl$dleqf)
    __fpl_dcmple_InfNaN                      0x080073db   Thumb Code     0  dleqf.o(x$fpl$dleqf)
    __aeabi_dmul                             0x080073f1   Thumb Code     0  dmul.o(x$fpl$dmul)
    _dmul                                    0x080073f1   Thumb Code   332  dmul.o(x$fpl$dmul)
    __fpl_dnaninf                            0x08007545   Thumb Code   156  dnaninf.o(x$fpl$dnaninf)
    __fpl_dretinf                            0x080075e1   Thumb Code    12  dretinf.o(x$fpl$dretinf)
    __aeabi_cdrcmple                         0x080075ed   Thumb Code     0  drleqf.o(x$fpl$drleqf)
    _drcmple                                 0x080075ed   Thumb Code   108  drleqf.o(x$fpl$drleqf)
    __aeabi_dsub                             0x08007659   Thumb Code     0  daddsub_clz.o(x$fpl$dsub)
    _dsub                                    0x08007659   Thumb Code   464  daddsub_clz.o(x$fpl$dsub)
    __aeabi_f2d                              0x0800782d   Thumb Code     0  f2d.o(x$fpl$f2d)
    _f2d                                     0x0800782d   Thumb Code    86  f2d.o(x$fpl$f2d)
    __aeabi_fadd                             0x08007885   Thumb Code     0  faddsub_clz.o(x$fpl$fadd)
    _fadd                                    0x08007885   Thumb Code   196  faddsub_clz.o(x$fpl$fadd)
    __fpl_fcmp_Inf                           0x08007949   Thumb Code    24  fcmpi.o(x$fpl$fcmpinf)
    __aeabi_fdiv                             0x08007961   Thumb Code     0  fdiv.o(x$fpl$fdiv)
    _fdiv                                    0x08007961   Thumb Code   384  fdiv.o(x$fpl$fdiv)
    __aeabi_f2uiz                            0x08007ae5   Thumb Code     0  ffixu.o(x$fpl$ffixu)
    _ffixu                                   0x08007ae5   Thumb Code    62  ffixu.o(x$fpl$ffixu)
    __aeabi_i2f                              0x08007b25   Thumb Code     0  fflt_clz.o(x$fpl$fflt)
    _fflt                                    0x08007b25   Thumb Code    48  fflt_clz.o(x$fpl$fflt)
    __aeabi_ui2f                             0x08007b55   Thumb Code     0  fflt_clz.o(x$fpl$ffltu)
    _ffltu                                   0x08007b55   Thumb Code    38  fflt_clz.o(x$fpl$ffltu)
    __aeabi_cfcmple                          0x08007b7d   Thumb Code     0  fleqf.o(x$fpl$fleqf)
    _fcmple                                  0x08007b7d   Thumb Code   104  fleqf.o(x$fpl$fleqf)
    __fpl_fcmple_InfNaN                      0x08007bcf   Thumb Code     0  fleqf.o(x$fpl$fleqf)
    __aeabi_fmul                             0x08007be5   Thumb Code     0  fmul.o(x$fpl$fmul)
    _fmul                                    0x08007be5   Thumb Code   258  fmul.o(x$fpl$fmul)
    __fpl_fnaninf                            0x08007ce7   Thumb Code   140  fnaninf.o(x$fpl$fnaninf)
    __fpl_fretinf                            0x08007d73   Thumb Code    10  fretinf.o(x$fpl$fretinf)
    __aeabi_cfrcmple                         0x08007d7d   Thumb Code     0  frleqf.o(x$fpl$frleqf)
    _frcmple                                 0x08007d7d   Thumb Code    98  frleqf.o(x$fpl$frleqf)
    _fsqrt                                   0x08007de1   Thumb Code   272  fsqrt.o(x$fpl$fsqrt)
    __aeabi_fsub                             0x08007ef1   Thumb Code     0  faddsub_clz.o(x$fpl$fsub)
    _fsub                                    0x08007ef1   Thumb Code   234  faddsub_clz.o(x$fpl$fsub)
    GPIO::mPin                               0x08007fda   Data          32  gpio.o(.constdata)
    __I$use$fp                               0x08007fda   Number         0  usenofp.o(x$fpl$usenofp)
    Exti::mEXTILine                          0x08007ffc   Data          64  exti.o(.constdata)
    Exti::mPin                               0x0800803c   Data          32  exti.o(.constdata)
    Region$$Table$$Base                      0x08008070   Number         0  anon$$obj.o(Region$$Table)
    Region$$Table$$Limit                     0x08008090   Number         0  anon$$obj.o(Region$$Table)
    SHT$$INIT_ARRAY$$Base                    0x08008090   Number         0  function.o(.init_array)
    SHT$$INIT_ARRAY$$Limit                   0x08008098   Number         0  init_aeabi.o(.init_array)
    pUSART1                                  0x20000004   Data           4  interrupt.o(.data)
    pUSART2                                  0x20000008   Data           4  interrupt.o(.data)
    pUSART3                                  0x2000000c   Data           4  interrupt.o(.data)
    pI2C1                                    0x20000010   Data           4  interrupt.o(.data)
    pI2C2                                    0x20000014   Data           4  interrupt.o(.data)
    Uexti0                                   0x2000004c   Data           4  ultrasonicint.o(.data)
    Uexti5                                   0x20000050   Data           4  ultrasonicint.o(.data)
    Uexti6                                   0x20000054   Data           4  ultrasonicint.o(.data)
    Uexti7                                   0x20000058   Data           4  ultrasonicint.o(.data)
    Uexti8                                   0x2000005c   Data           4  ultrasonicint.o(.data)
    Uexti9                                   0x20000060   Data           4  ultrasonicint.o(.data)
    curTime                                  0x20000078   Data           8  main.o(.data)
    oldTime                                  0x20000080   Data           8  main.o(.data)
    deltaT                                   0x20000088   Data           8  main.o(.data)
    flagCount                                0x20000090   Data           1  main.o(.data)
    tskmgr                                   0x20000098   Data           1  taskmanager.o(.data)
    TaskManager::_it_cnt                     0x2000009c   Data           4  taskmanager.o(.data)
    SystemCoreClock                          0x200000b0   Data           4  system_stm32f10x.o(.data)
    AHBPrescTable                            0x200000b4   Data          16  system_stm32f10x.o(.data)
    function                                 0x200000d8   Data        3024  function.o(.bss)
    __libspace_start                         0x20000cc8   Data          96  libspace.o(.bss)
    __temporary_stack_top$libspace           0x20000d28   Data           0  libspace.o(.bss)



==============================================================================

Memory Map of the image

  Image Entry point : 0x080000ed

  Load Region LR_IROM1 (Base: 0x08000000, Size: 0x00008170, Max: 0x00010000, ABSOLUTE)

    Execution Region ER_IROM1 (Base: 0x08000000, Size: 0x00008098, Max: 0x00010000, ABSOLUTE)

    Base Addr    Size         Type   Attr      Idx    E Section Name        Object

    0x08000000   0x000000ec   Data   RO          843    RESET               startup_stm32f10x_md.o
    0x080000ec   0x00000008   Code   RO         1161  * !!!main             c_w.l(__main.o)
    0x080000f4   0x00000034   Code   RO         1529    !!!scatter          c_w.l(__scatter.o)
    0x08000128   0x0000001a   Code   RO         1531    !!handler_copy      c_w.l(__scatter_copy.o)
    0x08000142   0x00000002   PAD
    0x08000144   0x0000001c   Code   RO         1533    !!handler_zi        c_w.l(__scatter_zi.o)
    0x08000160   0x00000002   Code   RO         1473    .ARM.Collect$$libinit$$00000000  c_w.l(libinit.o)
    0x08000162   0x00000000   Code   RO         1301    .ARM.Collect$$libinit$$00000002  c_w.l(libinit2.o)
    0x08000162   0x00000000   Code   RO         1303    .ARM.Collect$$libinit$$00000004  c_w.l(libinit2.o)
    0x08000162   0x00000008   Code   RO         1304    .ARM.Collect$$libinit$$00000005  c_w.l(libinit2.o)
    0x0800016a   0x00000000   Code   RO         1306    .ARM.Collect$$libinit$$0000000A  c_w.l(libinit2.o)
    0x0800016a   0x00000000   Code   RO         1308    .ARM.Collect$$libinit$$0000000C  c_w.l(libinit2.o)
    0x0800016a   0x00000000   Code   RO         1310    .ARM.Collect$$libinit$$0000000E  c_w.l(libinit2.o)
    0x0800016a   0x00000000   Code   RO         1313    .ARM.Collect$$libinit$$00000011  c_w.l(libinit2.o)
    0x0800016a   0x00000000   Code   RO         1315    .ARM.Collect$$libinit$$00000013  c_w.l(libinit2.o)
    0x0800016a   0x00000000   Code   RO         1317    .ARM.Collect$$libinit$$00000015  c_w.l(libinit2.o)
    0x0800016a   0x00000000   Code   RO         1319    .ARM.Collect$$libinit$$00000017  c_w.l(libinit2.o)
    0x0800016a   0x00000000   Code   RO         1321    .ARM.Collect$$libinit$$00000019  c_w.l(libinit2.o)
    0x0800016a   0x00000000   Code   RO         1323    .ARM.Collect$$libinit$$0000001B  c_w.l(libinit2.o)
    0x0800016a   0x00000000   Code   RO         1325    .ARM.Collect$$libinit$$0000001D  c_w.l(libinit2.o)
    0x0800016a   0x00000000   Code   RO         1327    .ARM.Collect$$libinit$$0000001F  c_w.l(libinit2.o)
    0x0800016a   0x00000000   Code   RO         1329    .ARM.Collect$$libinit$$00000021  c_w.l(libinit2.o)
    0x0800016a   0x00000000   Code   RO         1331    .ARM.Collect$$libinit$$00000023  c_w.l(libinit2.o)
    0x0800016a   0x00000000   Code   RO         1333    .ARM.Collect$$libinit$$00000025  c_w.l(libinit2.o)
    0x0800016a   0x00000000   Code   RO         1337    .ARM.Collect$$libinit$$0000002C  c_w.l(libinit2.o)
    0x0800016a   0x00000000   Code   RO         1339    .ARM.Collect$$libinit$$0000002E  c_w.l(libinit2.o)
    0x0800016a   0x00000000   Code   RO         1341    .ARM.Collect$$libinit$$00000030  c_w.l(libinit2.o)
    0x0800016a   0x00000004   Code   RO         1342    .ARM.Collect$$libinit$$00000031  c_w.l(libinit2.o)
    0x0800016e   0x00000000   Code   RO         1343    .ARM.Collect$$libinit$$00000032  c_w.l(libinit2.o)
    0x0800016e   0x00000002   Code   RO         1344    .ARM.Collect$$libinit$$00000033  c_w.l(libinit2.o)
    0x08000170   0x00000002   Code   RO         1510    .ARM.Collect$$libshutdown$$00000000  c_w.l(libshutdown.o)
    0x08000172   0x00000006   Code   RO         1345    .ARM.Collect$$libshutdown$$00000001  c_w.l(libshutdown2.o)
    0x08000178   0x00000000   Code   RO         1347    .ARM.Collect$$libshutdown$$00000003  c_w.l(libshutdown2.o)
    0x08000178   0x00000000   Code   RO         1350    .ARM.Collect$$libshutdown$$00000006  c_w.l(libshutdown2.o)
    0x08000178   0x00000000   Code   RO         1353    .ARM.Collect$$libshutdown$$00000009  c_w.l(libshutdown2.o)
    0x08000178   0x00000000   Code   RO         1355    .ARM.Collect$$libshutdown$$0000000B  c_w.l(libshutdown2.o)
    0x08000178   0x00000000   Code   RO         1358    .ARM.Collect$$libshutdown$$0000000E  c_w.l(libshutdown2.o)
    0x08000178   0x00000002   Code   RO         1359    .ARM.Collect$$libshutdown$$0000000F  c_w.l(libshutdown2.o)
    0x0800017a   0x00000000   Code   RO         1236    .ARM.Collect$$rtentry$$00000000  c_w.l(__rtentry.o)
    0x0800017a   0x00000000   Code   RO         1387    .ARM.Collect$$rtentry$$00000002  c_w.l(__rtentry2.o)
    0x0800017a   0x00000006   Code   RO         1399    .ARM.Collect$$rtentry$$00000004  c_w.l(__rtentry4.o)
    0x08000180   0x00000000   Code   RO         1389    .ARM.Collect$$rtentry$$00000009  c_w.l(__rtentry2.o)
    0x08000180   0x00000004   Code   RO         1390    .ARM.Collect$$rtentry$$0000000A  c_w.l(__rtentry2.o)
    0x08000184   0x00000000   Code   RO         1392    .ARM.Collect$$rtentry$$0000000C  c_w.l(__rtentry2.o)
    0x08000184   0x00000008   Code   RO         1393    .ARM.Collect$$rtentry$$0000000D  c_w.l(__rtentry2.o)
    0x0800018c   0x00000002   Code   RO         1477    .ARM.Collect$$rtexit$$00000000  c_w.l(rtexit.o)
    0x0800018e   0x00000000   Code   RO         1490    .ARM.Collect$$rtexit$$00000002  c_w.l(rtexit2.o)
    0x0800018e   0x00000004   Code   RO         1491    .ARM.Collect$$rtexit$$00000003  c_w.l(rtexit2.o)
    0x08000192   0x00000006   Code   RO         1492    .ARM.Collect$$rtexit$$00000004  c_w.l(rtexit2.o)
    0x08000198   0x00000000   Code   RO         1449    .emb_text           c_w.l(maybetermalloc1.o)
    0x08000198   0x00000770   Code   RO            4    .text               usart.o
    0x08000908   0x00000108   Code   RO          140    .text               interrupt.o
    0x08000a10   0x0000038c   Code   RO          174    .text               f103_pwm.o
    0x08000d9c   0x00000240   Code   RO          201    .text               f103_adc_s.o
    0x08000fdc   0x00000184   Code   RO          230    .text               gpio.o
    0x08001160   0x00000c44   Code   RO          262    .text               i2c.o
    0x08001da4   0x00000084   Code   RO          335    .text               ultrasonicint.o
    0x08001e28   0x00000234   Code   RO          380    .text               ultrasonic.o
    0x0800205c   0x0000007c   Code   RO          408    .text               stm32f10xint.o
    0x080020d8   0x00000284   Code   RO          436    .text               exti.o
    0x0800235c   0x00000168   Code   RO          462    .text               motor.o
    0x080024c4   0x00000388   Code   RO          495    .text               mpu6050.o
    0x0800284c   0x00000058   Code   RO          547    .text               delay.o
    0x080028a4   0x000000b0   Code   RO          571    .text               main.o
    0x08002954   0x00000298   Code   RO          672    .text               voltage.o
    0x08002bec   0x000000f2   Code   RO          696    .text               pressuremodel.o
    0x08002cde   0x00000002   PAD
    0x08002ce0   0x00000b6c   Code   RO          711    .text               function.o
    0x0800384c   0x000001a4   Code   RO          775    .text               taskmanager.o
    0x080039f0   0x00000598   Code   RO          807    .text               coordinate.o
    0x08003f88   0x00000040   Code   RO          844    .text               startup_stm32f10x_md.o
    0x08003fc8   0x000001e0   Code   RO          851    .text               system_stm32f10x.o
    0x080041a8   0x000000dc   Code   RO          931    .text               misc.o
    0x08004284   0x0000044e   Code   RO          959    .text               stm32f10x_adc.o
    0x080046d2   0x00000002   PAD
    0x080046d4   0x00000254   Code   RO          983    .text               stm32f10x_dma.o
    0x08004928   0x0000011c   Code   RO         1007    .text               stm32f10x_exti.o
    0x08004a44   0x0000035c   Code   RO         1031    .text               stm32f10x_gpio.o
    0x08004da0   0x00000404   Code   RO         1055    .text               stm32f10x_i2c.o
    0x080051a4   0x000003a4   Code   RO         1079    .text               stm32f10x_rcc.o
    0x08005548   0x00000e1a   Code   RO         1105    .text               stm32f10x_tim.o
    0x08006362   0x00000002   PAD
    0x08006364   0x00000408   Code   RO         1129    .text               stm32f10x_usart.o
    0x0800676c   0x00000064   Code   RO         1155    .text               c_w.l(rt_memcpy_w.o)
    0x080067d0   0x0000004e   Code   RO         1157    .text               c_w.l(rt_memclr_w.o)
    0x0800681e   0x00000006   Code   RO         1159    .text               c_w.l(heapauxi.o)
    0x08006824   0x00000024   Code   RO         1166    .text               c_w.l(init_aeabi.o)
    0x08006848   0x00000008   Code   RO         1240    .text               c_w.l(rt_ddtor_pointer_addr_intlibspace.o)
    0x08006850   0x0000005e   Code   RO         1244    .text               c_w.l(h1_alloc.o)
    0x080068ae   0x00000016   Code   RO         1298    .text               c_w.l(_rserrno.o)
    0x080068c4   0x00000008   Code   RO         1381    .text               c_w.l(libspace.o)
    0x080068cc   0x00000008   Code   RO         1404    .text               c_w.l(rt_heap_descriptor_intlibspace.o)
    0x080068d4   0x00000008   Code   RO         1409    .text               c_w.l(rt_errno_addr_intlibspace.o)
    0x080068dc   0x00000004   Code   RO         1411    .text               c_w.l(hguard.o)
    0x080068e0   0x0000008a   Code   RO         1413    .text               c_w.l(init_alloc.o)
    0x0800696a   0x0000000e   Code   RO         1419    .text               c_w.l(h1_init.o)
    0x08006978   0x0000004e   Code   RO         1421    .text               c_w.l(h1_free.o)
    0x080069c6   0x0000004a   Code   RO         1445    .text               c_w.l(sys_stackheap_outer.o)
    0x08006a10   0x00000034   Code   RO         1451    .text               c_w.l(h1_extend.o)
    0x08006a44   0x0000000c   Code   RO         1455    .text               c_w.l(exit.o)
    0x08006a50   0x0000000e   Code   RO         1457    .text               c_w.l(defsig_rtmem_outer.o)
    0x08006a5e   0x00000002   Code   RO         1474    .text               c_w.l(use_no_semi.o)
    0x08006a60   0x00000000   Code   RO         1476    .text               c_w.l(indicate_semi.o)
    0x08006a60   0x0000000a   Code   RO         1483    .text               c_w.l(defsig_exit.o)
    0x08006a6a   0x00000002   PAD
    0x08006a6c   0x00000050   Code   RO         1485    .text               c_w.l(defsig_rtmem_inner.o)
    0x08006abc   0x0000000c   Code   RO         1487    .text               c_w.l(sys_exit.o)
    0x08006ac8   0x00000032   Code   RO         1502    .text               c_w.l(defsig_general.o)
    0x08006afa   0x0000000e   Code   RO         1504    .text               c_w.l(sys_wrch.o)
    0x08006b08   0x00000054   Code   RO          733    i._ZN3ADCC1Ehhhhhhhhhh  function.o
    0x08006b5c   0x00000068   Code   RO          739    i._ZN8FunctionD1Ev  function.o
    0x08006bc4   0x0000000c   Code   RO          825    i._ZSt4sqrtf        coordinate.o
    0x08006bd0   0x00000032   Code   RO         1169    i.__aeabi_atexit    cpprt_w.l(aeabi_atexit.o)
    0x08006c02   0x00000042   Code   RO         1363    i.__cxa_finalize    cpprt_w.l(cxa_finalize.o)
    0x08006c44   0x0000002c   Code   RO         1229    i.sqrtf             m_ws.l(sqrtf.o)
    0x08006c70   0x00000044   Code   RO          293    t._ZN10FIFOBufferI18I2C_Command_StructLt40EE3GetERS0_  i2c.o
    0x08006cb4   0x00000048   Code   RO          287    t._ZN10FIFOBufferI18I2C_Command_StructLt40EE3PutERKS0_  i2c.o
    0x08006cfc   0x00000008   Code   RO          299    t._ZN10FIFOBufferI18I2C_Command_StructLt40EE4SizeEv  i2c.o
    0x08006d04   0x00000010   Code   RO          305    t._ZN10FIFOBufferI18I2C_Command_StructLt40EE5ClearEv  i2c.o
    0x08006d14   0x00000016   Code   RO          281    t._ZN10FIFOBufferI18I2C_Command_StructLt40EEC1Ev  i2c.o
    0x08006d2a   0x0000003c   Code   RO           37    t._ZN10FIFOBufferIhLt400EE3GetERh  usart.o
    0x08006d66   0x00000042   Code   RO           31    t._ZN10FIFOBufferIhLt400EE3PutERKh  usart.o
    0x08006da8   0x0000004a   Code   RO           49    t._ZN10FIFOBufferIhLt400EE4GetsEPht  usart.o
    0x08006df2   0x00000050   Code   RO           43    t._ZN10FIFOBufferIhLt400EE4PutsEPht  usart.o
    0x08006e42   0x00000008   Code   RO           55    t._ZN10FIFOBufferIhLt400EE4SizeEv  usart.o
    0x08006e4a   0x00000018   Code   RO           25    t._ZN10FIFOBufferIhLt400EEC1Ev  usart.o
    0x08006e62   0x0000000a   Code   RO          520    t._ZN7Vector3IiEC1Ev  mpu6050.o
    0x08006e6c   0x0000000e   Code   RO          514    t._ZN7Vector3IiEaSERKS0_  mpu6050.o
    0x08006e7a   0x00000002   PAD
    0x08006e7c   0x00000062   Code   RO         1172    x$fpl$d2f           fz_ws.l(d2f.o)
    0x08006ede   0x00000002   PAD
    0x08006ee0   0x00000150   Code   RO         1174    x$fpl$dadd          fz_ws.l(daddsub_clz.o)
    0x08007030   0x00000018   Code   RO         1366    x$fpl$dcmpinf       fz_ws.l(dcmpi.o)
    0x08007048   0x000002b0   Code   RO         1181    x$fpl$ddiv          fz_ws.l(ddiv.o)
    0x080072f8   0x0000005a   Code   RO         1184    x$fpl$dfixu         fz_ws.l(dfixu.o)
    0x08007352   0x00000026   Code   RO         1188    x$fpl$dfltu         fz_ws.l(dflt_clz.o)
    0x08007378   0x00000078   Code   RO         1194    x$fpl$dleqf         fz_ws.l(dleqf.o)
    0x080073f0   0x00000154   Code   RO         1196    x$fpl$dmul          fz_ws.l(dmul.o)
    0x08007544   0x0000009c   Code   RO         1368    x$fpl$dnaninf       fz_ws.l(dnaninf.o)
    0x080075e0   0x0000000c   Code   RO         1370    x$fpl$dretinf       fz_ws.l(dretinf.o)
    0x080075ec   0x0000006c   Code   RO         1198    x$fpl$drleqf        fz_ws.l(drleqf.o)
    0x08007658   0x000001d4   Code   RO         1176    x$fpl$dsub          fz_ws.l(daddsub_clz.o)
    0x0800782c   0x00000056   Code   RO         1200    x$fpl$f2d           fz_ws.l(f2d.o)
    0x08007882   0x00000002   PAD
    0x08007884   0x000000c4   Code   RO         1202    x$fpl$fadd          fz_ws.l(faddsub_clz.o)
    0x08007948   0x00000018   Code   RO         1372    x$fpl$fcmpinf       fz_ws.l(fcmpi.o)
    0x08007960   0x00000184   Code   RO         1209    x$fpl$fdiv          fz_ws.l(fdiv.o)
    0x08007ae4   0x0000003e   Code   RO         1212    x$fpl$ffixu         fz_ws.l(ffixu.o)
    0x08007b22   0x00000002   PAD
    0x08007b24   0x00000030   Code   RO         1217    x$fpl$fflt          fz_ws.l(fflt_clz.o)
    0x08007b54   0x00000026   Code   RO         1216    x$fpl$ffltu         fz_ws.l(fflt_clz.o)
    0x08007b7a   0x00000002   PAD
    0x08007b7c   0x00000068   Code   RO         1222    x$fpl$fleqf         fz_ws.l(fleqf.o)
    0x08007be4   0x00000102   Code   RO         1224    x$fpl$fmul          fz_ws.l(fmul.o)
    0x08007ce6   0x0000008c   Code   RO         1374    x$fpl$fnaninf       fz_ws.l(fnaninf.o)
    0x08007d72   0x0000000a   Code   RO         1376    x$fpl$fretinf       fz_ws.l(fretinf.o)
    0x08007d7c   0x00000062   Code   RO         1226    x$fpl$frleqf        fz_ws.l(frleqf.o)
    0x08007dde   0x00000002   PAD
    0x08007de0   0x00000110   Code   RO         1378    x$fpl$fsqrt         fz_ws.l(fsqrt.o)
    0x08007ef0   0x000000ea   Code   RO         1204    x$fpl$fsub          fz_ws.l(faddsub_clz.o)
    0x08007fda   0x00000000   Code   RO         1380    x$fpl$usenofp       fz_ws.l(usenofp.o)
    0x08007fda   0x00000020   Data   RO          232    .constdata          gpio.o
    0x08007ffa   0x00000002   PAD
    0x08007ffc   0x00000074   Data   RO          438    .constdata          exti.o
    0x08008070   0x00000020   Data   RO         1527    Region$$Table       anon$$obj.o
    0x08008090   0x00000004   Data   RO          714    .init_array         function.o
    0x08008094   0x00000004   Data   RO          778    .init_array         taskmanager.o
    0x08008098   0x00000000   Data   RO         1164    .init_array         c_w.l(init_aeabi.o)


    Execution Region RW_IRAM1 (Base: 0x20000000, Size: 0x00001328, Max: 0x00005000, ABSOLUTE)

    Base Addr    Size         Type   Attr      Idx    E Section Name        Object

    0x20000000   0x00000003   Data   RW            6    .data               usart.o
    0x20000003   0x00000001   PAD
    0x20000004   0x00000014   Data   RW          142    .data               interrupt.o
    0x20000018   0x0000002c   Data   RW          203    .data               f103_adc_s.o
    0x20000044   0x00000005   Data   RW          264    .data               i2c.o
    0x20000049   0x00000003   PAD
    0x2000004c   0x00000018   Data   RW          337    .data               ultrasonicint.o
    0x20000064   0x00000004   PAD
    0x20000068   0x00000010   Data   RW          497    .data               mpu6050.o
    0x20000078   0x00000019   Data   RW          573    .data               main.o
    0x20000091   0x00000007   PAD
    0x20000098   0x00000018   Data   RW          777    .data               taskmanager.o
    0x200000b0   0x00000014   Data   RW          852    .data               system_stm32f10x.o
    0x200000c4   0x00000014   Data   RW         1080    .data               stm32f10x_rcc.o
    0x200000d8   0x00000bf0   Zero   RW          713    .bss                function.o
    0x20000cc8   0x00000060   Zero   RW         1382    .bss                c_w.l(libspace.o)
    0x20000d28   0x00000200   Zero   RW          842    HEAP                startup_stm32f10x_md.o
    0x20000f28   0x00000400   Zero   RW          841    STACK               startup_stm32f10x_md.o


==============================================================================

Image component sizes


      Code (inc. data)   RO Data    RW Data    ZI Data      Debug   Object Name

      1444          6          0          0          0       4135   coordinate.o
        88          0          0          0          0        768   delay.o
       644         62        116          0          0       3040   exti.o
       576         24          0         44          0       3716   f103_adc_s.o
       908         26          0          0          0       3840   f103_pwm.o
      3112        162          4          0       3056      21346   function.o
       388         34         32          0          0       2932   gpio.o
      3326         62          0          5          0      15544   i2c.o
       264         20          0         20          0       2663   interrupt.o
       176         28          0         25          0       9786   main.o
       220         22          0          0          0       1901   misc.o
       360          6          0          0          0       5312   motor.o
       928         12          0         16          0       9312   mpu6050.o
       242          0          0          0          0       2120   pressuremodel.o
        64         26        236          0       1536        816   startup_stm32f10x_md.o
      1102         26          0          0          0      10937   stm32f10x_adc.o
       596          8          0          0          0       4434   stm32f10x_dma.o
       284         10          0          0          0       2339   stm32f10x_exti.o
       860         38          0          0          0       5753   stm32f10x_gpio.o
      1028         16          0          0          0       9211   stm32f10x_i2c.o
       932         36          0         20          0       8904   stm32f10x_rcc.o
      3610         88          0          0          0      22236   stm32f10x_tim.o
      1032         22          0          0          0       8472   stm32f10x_usart.o
       124          0          0          0          0        674   stm32f10xint.o
       480         38          0         20          0     283259   system_stm32f10x.o
       420         46          4         24          0       2347   taskmanager.o
       564         60          0          0          0       2184   ultrasonic.o
       132         24          0         24          0       3686   ultrasonicint.o
      2216         64          0          3          0     286214   usart.o
       664         44          0          0          0       1900   voltage.o

    ----------------------------------------------------------------------
     26792       1010        426        216       4592     739781   Object Totals
         0          0         32          0          0          0   (incl. Generated)
         8          0          2         15          0          0   (incl. Padding)

    ----------------------------------------------------------------------

      Code (inc. data)   RO Data    RW Data    ZI Data      Debug   Library Member Name

         8          0          0          0          0         68   __main.o
         0          0          0          0          0          0   __rtentry.o
        12          0          0          0          0          0   __rtentry2.o
         6          0          0          0          0          0   __rtentry4.o
        52          8          0          0          0          0   __scatter.o
        26          0          0          0          0          0   __scatter_copy.o
        28          0          0          0          0          0   __scatter_zi.o
        22          0          0          0          0        100   _rserrno.o
        10          0          0          0          0         68   defsig_exit.o
        50          0          0          0          0         88   defsig_general.o
        80         58          0          0          0         76   defsig_rtmem_inner.o
        14          0          0          0          0         80   defsig_rtmem_outer.o
        12          0          0          0          0         72   exit.o
        94          0          0          0          0         80   h1_alloc.o
        52          0          0          0          0         68   h1_extend.o
        78          0          0          0          0         80   h1_free.o
        14          0          0          0          0         84   h1_init.o
         6          0          0          0          0        152   heapauxi.o
         4          0          0          0          0        136   hguard.o
         0          0          0          0          0          0   indicate_semi.o
        36         10          0          0          0         80   init_aeabi.o
       138          0          0          0          0        168   init_alloc.o
         2          0          0          0          0          0   libinit.o
        14          0          0          0          0          0   libinit2.o
         2          0          0          0          0          0   libshutdown.o
         8          0          0          0          0          0   libshutdown2.o
         8          4          0          0         96         68   libspace.o
         0          0          0          0          0          0   maybetermalloc1.o
         8          4          0          0          0         68   rt_ddtor_pointer_addr_intlibspace.o
         8          4          0          0          0         68   rt_errno_addr_intlibspace.o
         8          4          0          0          0         68   rt_heap_descriptor_intlibspace.o
        78          0          0          0          0         80   rt_memclr_w.o
       100          0          0          0          0         80   rt_memcpy_w.o
         2          0          0          0          0          0   rtexit.o
        10          0          0          0          0          0   rtexit2.o
        12          4          0          0          0         68   sys_exit.o
        74          0          0          0          0         80   sys_stackheap_outer.o
        14          0          0          0          0         76   sys_wrch.o
         2          0          0          0          0         68   use_no_semi.o
        50          0          0          0          0         84   aeabi_atexit.o
        66          0          0          0          0         84   cxa_finalize.o
        98          4          0          0          0         92   d2f.o
       804         16          0          0          0        272   daddsub_clz.o
        24          0          0          0          0         68   dcmpi.o
       688        140          0          0          0        208   ddiv.o
        90          4          0          0          0         92   dfixu.o
        38          0          0          0          0         68   dflt_clz.o
       120          4          0          0          0         92   dleqf.o
       340         12          0          0          0        104   dmul.o
       156          4          0          0          0         92   dnaninf.o
        12          0          0          0          0         68   dretinf.o
       108          0          0          0          0         80   drleqf.o
        86          4          0          0          0         84   f2d.o
       430          8          0          0          0        168   faddsub_clz.o
        24          0          0          0          0         68   fcmpi.o
       388         76          0          0          0         96   fdiv.o
        62          4          0          0          0         84   ffixu.o
        86          0          0          0          0        136   fflt_clz.o
       104          4          0          0          0         84   fleqf.o
       258          4          0          0          0         84   fmul.o
       140          4          0          0          0         84   fnaninf.o
        10          0          0          0          0         68   fretinf.o
        98          0          0          0          0         68   frleqf.o
       272        100          0          0          0         88   fsqrt.o
         0          0          0          0          0          0   usenofp.o
        44          0          0          0          0         80   sqrtf.o

    ----------------------------------------------------------------------
      5702        484          0          0         96       4720   Library Totals
        14          0          0          0          0          0   (incl. Padding)

    ----------------------------------------------------------------------

      Code (inc. data)   RO Data    RW Data    ZI Data      Debug   Library Name

      1092         96          0          0         96       2124   c_w.l
       116          0          0          0          0        168   cpprt_w.l
      4436        388          0          0          0       2348   fz_ws.l
        44          0          0          0          0         80   m_ws.l

    ----------------------------------------------------------------------
      5702        484          0          0         96       4720   Library Totals

    ----------------------------------------------------------------------

==============================================================================


      Code (inc. data)   RO Data    RW Data    ZI Data      Debug   

     32494       1494        426        216       4688     737893   Grand Totals
     32494       1494        426        216       4688     737893   ELF Image Totals
     32494       1494        426        216          0          0   ROM Totals

==============================================================================

    Total RO  Size (Code + RO Data)                32920 (  32.15kB)
    Total RW  Size (RW Data + ZI Data)              4904 (   4.79kB)
    Total ROM Size (Code + RO Data + RW Data)      33136 (  32.36kB)

==============================================================================

